Copyright 1986-2021 Xilinx, Inc. All Rights Reserved.
-------------------------------------------------------------------------------------------------------------------------------------------------------------
| Tool Version : Vivado v.2021.2 (win64) Build 3367213 Tue Oct 19 02:48:09 MDT 2021
| Date         : Wed Oct  7 22:11:10 2026
| Host         : LAPTOP-NLI2SH3R running 64-bit major release  (build 9200)
| Command      : report_utilization -hierarchical -file D:/My_project/FPGA_FH_SDR_AntiJamming_CommSystem/build/p4_compare/srrc_duc_fir/srrc_duc_fir_util.rpt
| Design       : srrc_duc_fir
| Device       : xc7z020clg400-2
| Speed File   : -2
| Design State : Routed
-------------------------------------------------------------------------------------------------------------------------------------------------------------

Utilization Design Information

Table of Contents
-----------------
1. Utilization by Hierarchy

1. Utilization by Hierarchy
---------------------------

+--------------------------------------------------------------------------------------------------------------------+------------------------------------------------+------------+------------+---------+------+------+--------+--------+------------+
|                                                      Instance                                                      |                     Module                     | Total LUTs | Logic LUTs | LUTRAMs | SRLs |  FFs | RAMB36 | RAMB18 | DSP Blocks |
+--------------------------------------------------------------------------------------------------------------------+------------------------------------------------+------------+------------+---------+------+------+--------+--------+------------+
| srrc_duc_fir                                                                                                       |                                          (top) |       5073 |       4951 |      28 |   94 | 1256 |      0 |      0 |         18 |
|   (srrc_duc_fir)                                                                                                   |                                          (top) |       4783 |       4783 |       0 |    0 |  351 |      0 |      0 |          4 |
|   u_fir_i                                                                                                          |                                   fir_srrc_HD2 |        145 |         84 |      14 |   47 |  453 |      0 |      0 |          7 |
|     U0                                                                                                             |               fir_srrcfir_compiler_v7_2_17_HD3 |        145 |         84 |      14 |   47 |  453 |      0 |      0 |          7 |
|       i_synth                                                                                                      |           fir_srrcfir_compiler_v7_2_17_viv_HD4 |        145 |         84 |      14 |   47 |  453 |      0 |      0 |          7 |
|         g_polyphase_interpolation.i_polyphase_interpolation                                                        |            fir_srrcpolyphase_interpolation_HD5 |        145 |         84 |      14 |   47 |  453 |      0 |      0 |          7 |
|           (g_polyphase_interpolation.i_polyphase_interpolation)                                                    |            fir_srrcpolyphase_interpolation_HD5 |         14 |         14 |       0 |    0 |   78 |      0 |      0 |          0 |
|           g_opbuff.i_buffer                                                                                        |                            fir_srrcdpr_mem_HD6 |         14 |          0 |      14 |    0 |   13 |      0 |      0 |          0 |
|           g_opbuff.i_latch_op_src_sel                                                                              |             fir_srrcdelay__parameterized23_HD7 |          0 |          0 |       0 |    0 |    1 |      0 |      0 |          0 |
|           g_parallel.g_accum_cntrl.i_accumulate                                                                    |             fir_srrcdelay__parameterized18_HD8 |          1 |          0 |       0 |    1 |    1 |      0 |      0 |          0 |
|           g_parallel.g_accum_cntrl.i_first_phase_dly                                                               |           fir_srrcdelay__parameterized18_0_HD9 |          2 |          1 |       0 |    1 |    1 |      0 |      0 |          0 |
|           g_parallel.g_accum_cntrl.i_latch_op                                                                      |            fir_srrcdelay__parameterized21_HD10 |          1 |          0 |       0 |    1 |    1 |      0 |      0 |          0 |
|           g_parallel.g_accum_cntrl.i_opbuff_cntrl                                                                  |            fir_srrcdelay__parameterized22_HD11 |          4 |          4 |       0 |    0 |    3 |      0 |      0 |          0 |
|           g_parallel.g_accum_cntrl.i_opbuff_phase_max                                                              |          fir_srrcdelay__parameterized21_1_HD12 |          1 |          0 |       0 |    1 |    1 |      0 |      0 |          0 |
|           g_parallel.g_accum_cntrl.i_phase_2lst_dly                                                                |            fir_srrcdelay__parameterized20_HD13 |          2 |          1 |       0 |    1 |    1 |      0 |      0 |          0 |
|           g_parallel.g_accum_cntrl.i_phase_max_dly                                                                 |            fir_srrcdelay__parameterized19_HD14 |         10 |          9 |       0 |    1 |    6 |      0 |      0 |          0 |
|           g_parallel.g_cntrl_buff_addr.i_cntrl_buff_addr                                                           |             fir_srrcdelay__parameterized0_HD15 |          0 |          0 |       0 |    0 |    1 |      0 |      0 |          0 |
|           g_parallel.g_cntrl_sym.i_addsub                                                                          |             fir_srrcdelay__parameterized2_HD16 |          0 |          0 |       0 |    0 |    1 |      0 |      0 |          0 |
|           g_parallel.g_cntrl_sym.i_addsup                                                                          |             fir_srrcdelay__parameterized3_HD17 |          0 |          0 |       0 |    0 |    2 |      0 |      0 |          0 |
|           g_parallel.g_cntrl_sym.i_cntrl_src                                                                       |             fir_srrcdelay__parameterized1_HD18 |          0 |          0 |       0 |    0 |    2 |      0 |      0 |          0 |
|           g_parallel.g_paths[0].g_mem_array[0].i_mem                                                               |                          fir_srrcfilt_mem_HD19 |          3 |          3 |       0 |    0 |    6 |      0 |      0 |          0 |
|             g_individual.g_mem_b.i_mem_b                                                                           |            fir_srrcsp_mem__parameterized0_HD20 |          2 |          2 |       0 |    0 |    5 |      0 |      0 |          0 |
|             g_individual.i_mem_a                                                                                   |                            fir_srrcsp_mem_HD21 |          1 |          1 |       0 |    0 |    1 |      0 |      0 |          0 |
|           g_parallel.g_paths[0].g_mem_array[1].i_mem                                                               |          fir_srrcfilt_mem__parameterized0_HD22 |          6 |          6 |       0 |    0 |   12 |      0 |      0 |          0 |
|             g_individual.g_mem_b.i_mem_b                                                                           |            fir_srrcsp_mem__parameterized2_HD23 |          3 |          3 |       0 |    0 |    7 |      0 |      0 |          0 |
|             g_individual.i_mem_a                                                                                   |            fir_srrcsp_mem__parameterized1_HD24 |          3 |          3 |       0 |    0 |    5 |      0 |      0 |          0 |
|           g_parallel.g_paths[0].g_mem_array[2].i_mem                                                               |          fir_srrcfilt_mem__parameterized1_HD25 |          3 |          3 |       0 |    0 |    7 |      0 |      0 |          0 |
|             g_individual.i_mem_a                                                                                   |            fir_srrcsp_mem__parameterized3_HD26 |          3 |          3 |       0 |    0 |    7 |      0 |      0 |          0 |
|           g_parallel.g_paths[0].g_rounder.i_rounder                                                                |                           fir_srrcrounder_HD27 |          1 |          1 |       0 |    0 |    0 |      0 |      0 |          1 |
|             i_rounder                                                                                              |              fir_srrccalc__parameterized2_HD28 |          1 |          1 |       0 |    0 |    0 |      0 |      0 |          1 |
|           g_parallel.g_paths[0].g_symmetric.g_accum.i_accum                                                        |                         fir_srrcadd_accum_HD29 |          0 |          0 |       0 |    0 |    0 |      0 |      0 |          1 |
|             i_add_accum                                                                                            |              fir_srrccalc__parameterized1_HD30 |          0 |          0 |       0 |    0 |    0 |      0 |      0 |          1 |
|           g_parallel.g_paths[0].g_symmetric.g_data_array.g_data[0].i_cascade_dly                                   |             fir_srrcdelay__parameterized6_HD31 |          8 |          0 |       0 |    8 |   12 |      0 |      0 |          0 |
|           g_parallel.g_paths[0].g_symmetric.g_data_array.g_data[0].i_delay_line                                    |                              fir_srrcbuff_HD32 |          0 |          0 |       0 |    0 |   12 |      0 |      0 |          0 |
|             g_buff.i_buff                                                                                          |          fir_srrcdelay__parameterized5_20_HD33 |          0 |          0 |       0 |    0 |   12 |      0 |      0 |          0 |
|           g_parallel.g_paths[0].g_symmetric.g_data_array.g_data[1].i_cascade_dly                                   |             fir_srrcdelay__parameterized7_HD34 |          8 |          0 |       0 |    8 |   12 |      0 |      0 |          0 |
|           g_parallel.g_paths[0].g_symmetric.g_data_array.g_data[1].i_delay_line                                    |                            fir_srrcbuff_2_HD35 |          0 |          0 |       0 |    0 |   12 |      0 |      0 |          0 |
|             g_buff.i_buff                                                                                          |          fir_srrcdelay__parameterized5_19_HD36 |          0 |          0 |       0 |    0 |   12 |      0 |      0 |          0 |
|           g_parallel.g_paths[0].g_symmetric.g_data_array.g_data[2].i_cascade_dly                                   |                             fir_srrcdelay_HD37 |          8 |          0 |       0 |    8 |   12 |      0 |      0 |          0 |
|           g_parallel.g_paths[0].g_symmetric.g_data_array.g_data[2].i_delay_line                                    |                            fir_srrcbuff_3_HD38 |          0 |          0 |       0 |    0 |   12 |      0 |      0 |          0 |
|             g_buff.i_buff                                                                                          |          fir_srrcdelay__parameterized5_18_HD39 |          0 |          0 |       0 |    0 |   12 |      0 |      0 |          0 |
|           g_parallel.g_paths[0].g_symmetric.g_data_array.g_data[3].i_cascade_dly                                   |             fir_srrcdelay__parameterized8_HD40 |          0 |          0 |       0 |    0 |   12 |      0 |      0 |          0 |
|           g_parallel.g_paths[0].g_symmetric.g_data_array.g_data[3].i_delay_line                                    |                            fir_srrcbuff_4_HD41 |          0 |          0 |       0 |    0 |   12 |      0 |      0 |          0 |
|             g_buff.i_buff                                                                                          |             fir_srrcdelay__parameterized5_HD42 |          0 |          0 |       0 |    0 |   12 |      0 |      0 |          0 |
|           g_parallel.g_paths[0].g_symmetric.g_data_sym_array.g_data_sym[0].g_data_sym_casc_dly.i_data_sym_casc_dly |              fir_srrcbuff__parameterized0_HD43 |          6 |          6 |       0 |    0 |   36 |      0 |      0 |          0 |
|           g_parallel.g_paths[0].g_symmetric.g_data_sym_array.g_data_sym[1].g_data_sym_casc_dly.i_data_sym_casc_dly |            fir_srrcbuff__parameterized0_5_HD44 |          6 |          6 |       0 |    0 |   36 |      0 |      0 |          0 |
|           g_parallel.g_paths[0].g_symmetric.g_data_sym_array.g_data_sym[2].g_data_sym_casc_dly.i_data_sym_casc_dly |            fir_srrcbuff__parameterized0_6_HD45 |          6 |          6 |       0 |    0 |   36 |      0 |      0 |          0 |
|           g_parallel.g_paths[0].g_symmetric.g_data_sym_array.g_data_sym[3].g_data_sym_casc_dly.i_data_sym_casc_dly |            fir_srrcbuff__parameterized0_7_HD46 |          6 |          6 |       0 |    0 |   36 |      0 |      0 |          0 |
|           g_parallel.g_paths[0].g_symmetric.g_data_sym_array.g_data_sym[4].g_data_sym_casc_dly.i_data_sym_casc_dly |              fir_srrcbuff__parameterized1_HD47 |          6 |          6 |       0 |    0 |   24 |      0 |      0 |          0 |
|           g_parallel.g_paths[0].g_symmetric.g_madds[0].i_madd                                                      |                   fir_srrcaddsub_mult_add_HD48 |          0 |          0 |       0 |    0 |    0 |      0 |      0 |          1 |
|             i_addsub_mult_add                                                                                      |                              fir_srrccalc_HD49 |          0 |          0 |       0 |    0 |    0 |      0 |      0 |          1 |
|           g_parallel.g_paths[0].g_symmetric.g_madds[1].i_madd                                                      |   fir_srrcaddsub_mult_add__parameterized0_HD50 |          0 |          0 |       0 |    0 |    0 |      0 |      0 |          1 |
|             i_addsub_mult_add                                                                                      |           fir_srrccalc__parameterized0_17_HD51 |          0 |          0 |       0 |    0 |    0 |      0 |      0 |          1 |
|           g_parallel.g_paths[0].g_symmetric.g_madds[2].i_madd                                                      | fir_srrcaddsub_mult_add__parameterized0_8_HD52 |          0 |          0 |       0 |    0 |    0 |      0 |      0 |          1 |
|             i_addsub_mult_add                                                                                      |           fir_srrccalc__parameterized0_16_HD53 |          0 |          0 |       0 |    0 |    0 |      0 |      0 |          1 |
|           g_parallel.g_paths[0].g_symmetric.g_madds[3].i_madd                                                      | fir_srrcaddsub_mult_add__parameterized0_9_HD54 |          0 |          0 |       0 |    0 |    0 |      0 |      0 |          1 |
|             i_addsub_mult_add                                                                                      |           fir_srrccalc__parameterized0_15_HD55 |          0 |          0 |       0 |    0 |    0 |      0 |      0 |          1 |
|           g_parallel.g_paths[0].g_symmetric.g_madds[4].i_madd                                                      |   fir_srrcaddsub_mult_add__parameterized1_HD56 |          0 |          0 |       0 |    0 |    0 |      0 |      0 |          1 |
|             i_addsub_mult_add                                                                                      |              fir_srrccalc__parameterized0_HD57 |          0 |          0 |       0 |    0 |    0 |      0 |      0 |          1 |
|           g_parallel.i_cntrl_buff_sclr                                                                             |          fir_srrcdelay__parameterized3_10_HD58 |          1 |          0 |       0 |    1 |    1 |      0 |      0 |          0 |
|           g_parallel.i_cntrl_coef_addr                                                                             |          fir_srrcdelay__parameterized0_11_HD59 |          0 |          0 |       0 |    0 |    2 |      0 |      0 |          0 |
|           g_parallel.i_cntrl_src                                                                                   |          fir_srrcdelay__parameterized1_12_HD60 |          0 |          0 |       0 |    0 |    2 |      0 |      0 |          0 |
|           g_parallel.i_cntrl_sym_buff_sclr                                                                         |          fir_srrcdelay__parameterized3_13_HD61 |          0 |          0 |       0 |    0 |    2 |      0 |      0 |          0 |
|           g_parallel.i_data_in                                                                                     |                          fir_srrcdelay_14_HD62 |          8 |          0 |       0 |    8 |   12 |      0 |      0 |          0 |
|           g_s_data_chan_fifo.i_s_data_chan_fifo                                                                    |                     fir_srrcglb_ifx_slave_HD63 |         20 |         12 |       0 |    8 |   33 |      0 |      0 |          0 |
|             (g_s_data_chan_fifo.i_s_data_chan_fifo)                                                                |                     fir_srrcglb_ifx_slave_HD63 |          4 |          4 |       0 |    0 |   14 |      0 |      0 |          0 |
|             fifo0                                                                                                  |                      fir_srrcglb_srl_fifo_HD64 |         16 |          8 |       0 |    8 |   19 |      0 |      0 |          0 |
|   u_fir_q                                                                                                          |                                       fir_srrc |        145 |         84 |      14 |   47 |  452 |      0 |      0 |          7 |
|     U0                                                                                                             |                   fir_srrcfir_compiler_v7_2_17 |        145 |         84 |      14 |   47 |  452 |      0 |      0 |          7 |
|       i_synth                                                                                                      |               fir_srrcfir_compiler_v7_2_17_viv |        145 |         84 |      14 |   47 |  452 |      0 |      0 |          7 |
|         g_polyphase_interpolation.i_polyphase_interpolation                                                        |                fir_srrcpolyphase_interpolation |        145 |         84 |      14 |   47 |  452 |      0 |      0 |          7 |
|           (g_polyphase_interpolation.i_polyphase_interpolation)                                                    |                fir_srrcpolyphase_interpolation |         14 |         14 |       0 |    0 |   77 |      0 |      0 |          0 |
|           g_opbuff.i_buffer                                                                                        |                                fir_srrcdpr_mem |         14 |          0 |      14 |    0 |   13 |      0 |      0 |          0 |
|           g_opbuff.i_latch_op_src_sel                                                                              |                 fir_srrcdelay__parameterized23 |          0 |          0 |       0 |    0 |    1 |      0 |      0 |          0 |
|           g_parallel.g_accum_cntrl.i_accumulate                                                                    |                 fir_srrcdelay__parameterized18 |          1 |          0 |       0 |    1 |    1 |      0 |      0 |          0 |
|           g_parallel.g_accum_cntrl.i_first_phase_dly                                                               |               fir_srrcdelay__parameterized18_0 |          2 |          1 |       0 |    1 |    1 |      0 |      0 |          0 |
|           g_parallel.g_accum_cntrl.i_latch_op                                                                      |                 fir_srrcdelay__parameterized21 |          1 |          0 |       0 |    1 |    1 |      0 |      0 |          0 |
|           g_parallel.g_accum_cntrl.i_opbuff_cntrl                                                                  |                 fir_srrcdelay__parameterized22 |          4 |          4 |       0 |    0 |    3 |      0 |      0 |          0 |
|           g_parallel.g_accum_cntrl.i_opbuff_phase_max                                                              |               fir_srrcdelay__parameterized21_1 |          1 |          0 |       0 |    1 |    1 |      0 |      0 |          0 |
|           g_parallel.g_accum_cntrl.i_phase_2lst_dly                                                                |                 fir_srrcdelay__parameterized20 |          2 |          1 |       0 |    1 |    1 |      0 |      0 |          0 |
|           g_parallel.g_accum_cntrl.i_phase_max_dly                                                                 |                 fir_srrcdelay__parameterized19 |         10 |          9 |       0 |    1 |    6 |      0 |      0 |          0 |
|           g_parallel.g_cntrl_buff_addr.i_cntrl_buff_addr                                                           |                  fir_srrcdelay__parameterized0 |          0 |          0 |       0 |    0 |    1 |      0 |      0 |          0 |
|           g_parallel.g_cntrl_sym.i_addsub                                                                          |                  fir_srrcdelay__parameterized2 |          0 |          0 |       0 |    0 |    1 |      0 |      0 |          0 |
|           g_parallel.g_cntrl_sym.i_addsup                                                                          |                  fir_srrcdelay__parameterized3 |          0 |          0 |       0 |    0 |    2 |      0 |      0 |          0 |
|           g_parallel.g_cntrl_sym.i_cntrl_src                                                                       |                  fir_srrcdelay__parameterized1 |          0 |          0 |       0 |    0 |    2 |      0 |      0 |          0 |
|           g_parallel.g_paths[0].g_mem_array[0].i_mem                                                               |                               fir_srrcfilt_mem |          3 |          3 |       0 |    0 |    6 |      0 |      0 |          0 |
|             g_individual.g_mem_b.i_mem_b                                                                           |                 fir_srrcsp_mem__parameterized0 |          2 |          2 |       0 |    0 |    5 |      0 |      0 |          0 |
|             g_individual.i_mem_a                                                                                   |                                 fir_srrcsp_mem |          1 |          1 |       0 |    0 |    1 |      0 |      0 |          0 |
|           g_parallel.g_paths[0].g_mem_array[1].i_mem                                                               |               fir_srrcfilt_mem__parameterized0 |          6 |          6 |       0 |    0 |   12 |      0 |      0 |          0 |
|             g_individual.g_mem_b.i_mem_b                                                                           |                 fir_srrcsp_mem__parameterized2 |          3 |          3 |       0 |    0 |    7 |      0 |      0 |          0 |
|             g_individual.i_mem_a                                                                                   |                 fir_srrcsp_mem__parameterized1 |          3 |          3 |       0 |    0 |    5 |      0 |      0 |          0 |
|           g_parallel.g_paths[0].g_mem_array[2].i_mem                                                               |               fir_srrcfilt_mem__parameterized1 |          3 |          3 |       0 |    0 |    7 |      0 |      0 |          0 |
|             g_individual.i_mem_a                                                                                   |                 fir_srrcsp_mem__parameterized3 |          3 |          3 |       0 |    0 |    7 |      0 |      0 |          0 |
|           g_parallel.g_paths[0].g_rounder.i_rounder                                                                |                                fir_srrcrounder |          1 |          1 |       0 |    0 |    0 |      0 |      0 |          1 |
|             i_rounder                                                                                              |                   fir_srrccalc__parameterized2 |          1 |          1 |       0 |    0 |    0 |      0 |      0 |          1 |
|           g_parallel.g_paths[0].g_symmetric.g_accum.i_accum                                                        |                              fir_srrcadd_accum |          0 |          0 |       0 |    0 |    0 |      0 |      0 |          1 |
|             i_add_accum                                                                                            |                   fir_srrccalc__parameterized1 |          0 |          0 |       0 |    0 |    0 |      0 |      0 |          1 |
|           g_parallel.g_paths[0].g_symmetric.g_data_array.g_data[0].i_cascade_dly                                   |                  fir_srrcdelay__parameterized6 |          8 |          0 |       0 |    8 |   12 |      0 |      0 |          0 |
|           g_parallel.g_paths[0].g_symmetric.g_data_array.g_data[0].i_delay_line                                    |                                   fir_srrcbuff |          0 |          0 |       0 |    0 |   12 |      0 |      0 |          0 |
|             g_buff.i_buff                                                                                          |               fir_srrcdelay__parameterized5_20 |          0 |          0 |       0 |    0 |   12 |      0 |      0 |          0 |
|           g_parallel.g_paths[0].g_symmetric.g_data_array.g_data[1].i_cascade_dly                                   |                  fir_srrcdelay__parameterized7 |          8 |          0 |       0 |    8 |   12 |      0 |      0 |          0 |
|           g_parallel.g_paths[0].g_symmetric.g_data_array.g_data[1].i_delay_line                                    |                                 fir_srrcbuff_2 |          0 |          0 |       0 |    0 |   12 |      0 |      0 |          0 |
|             g_buff.i_buff                                                                                          |               fir_srrcdelay__parameterized5_19 |          0 |          0 |       0 |    0 |   12 |      0 |      0 |          0 |
|           g_parallel.g_paths[0].g_symmetric.g_data_array.g_data[2].i_cascade_dly                                   |                                  fir_srrcdelay |          8 |          0 |       0 |    8 |   12 |      0 |      0 |          0 |
|           g_parallel.g_paths[0].g_symmetric.g_data_array.g_data[2].i_delay_line                                    |                                 fir_srrcbuff_3 |          0 |          0 |       0 |    0 |   12 |      0 |      0 |          0 |
|             g_buff.i_buff                                                                                          |               fir_srrcdelay__parameterized5_18 |          0 |          0 |       0 |    0 |   12 |      0 |      0 |          0 |
|           g_parallel.g_paths[0].g_symmetric.g_data_array.g_data[3].i_cascade_dly                                   |                  fir_srrcdelay__parameterized8 |          0 |          0 |       0 |    0 |   12 |      0 |      0 |          0 |
|           g_parallel.g_paths[0].g_symmetric.g_data_array.g_data[3].i_delay_line                                    |                                 fir_srrcbuff_4 |          0 |          0 |       0 |    0 |   12 |      0 |      0 |          0 |
|             g_buff.i_buff                                                                                          |                  fir_srrcdelay__parameterized5 |          0 |          0 |       0 |    0 |   12 |      0 |      0 |          0 |
|           g_parallel.g_paths[0].g_symmetric.g_data_sym_array.g_data_sym[0].g_data_sym_casc_dly.i_data_sym_casc_dly |                   fir_srrcbuff__parameterized0 |          6 |          6 |       0 |    0 |   36 |      0 |      0 |          0 |
|           g_parallel.g_paths[0].g_symmetric.g_data_sym_array.g_data_sym[1].g_data_sym_casc_dly.i_data_sym_casc_dly |                 fir_srrcbuff__parameterized0_5 |          6 |          6 |       0 |    0 |   36 |      0 |      0 |          0 |
|           g_parallel.g_paths[0].g_symmetric.g_data_sym_array.g_data_sym[2].g_data_sym_casc_dly.i_data_sym_casc_dly |                 fir_srrcbuff__parameterized0_6 |          6 |          6 |       0 |    0 |   36 |      0 |      0 |          0 |
|           g_parallel.g_paths[0].g_symmetric.g_data_sym_array.g_data_sym[3].g_data_sym_casc_dly.i_data_sym_casc_dly |                 fir_srrcbuff__parameterized0_7 |          6 |          6 |       0 |    0 |   36 |      0 |      0 |          0 |
|           g_parallel.g_paths[0].g_symmetric.g_data_sym_array.g_data_sym[4].g_data_sym_casc_dly.i_data_sym_casc_dly |                   fir_srrcbuff__parameterized1 |          6 |          6 |       0 |    0 |   24 |      0 |      0 |          0 |
|           g_parallel.g_paths[0].g_symmetric.g_madds[0].i_madd                                                      |                        fir_srrcaddsub_mult_add |          0 |          0 |       0 |    0 |    0 |      0 |      0 |          1 |
|             i_addsub_mult_add                                                                                      |                                   fir_srrccalc |          0 |          0 |       0 |    0 |    0 |      0 |      0 |          1 |
|           g_parallel.g_paths[0].g_symmetric.g_madds[1].i_madd                                                      |        fir_srrcaddsub_mult_add__parameterized0 |          0 |          0 |       0 |    0 |    0 |      0 |      0 |          1 |
|             i_addsub_mult_add                                                                                      |                fir_srrccalc__parameterized0_17 |          0 |          0 |       0 |    0 |    0 |      0 |      0 |          1 |
|           g_parallel.g_paths[0].g_symmetric.g_madds[2].i_madd                                                      |      fir_srrcaddsub_mult_add__parameterized0_8 |          0 |          0 |       0 |    0 |    0 |      0 |      0 |          1 |
|             i_addsub_mult_add                                                                                      |                fir_srrccalc__parameterized0_16 |          0 |          0 |       0 |    0 |    0 |      0 |      0 |          1 |
|           g_parallel.g_paths[0].g_symmetric.g_madds[3].i_madd                                                      |      fir_srrcaddsub_mult_add__parameterized0_9 |          0 |          0 |       0 |    0 |    0 |      0 |      0 |          1 |
|             i_addsub_mult_add                                                                                      |                fir_srrccalc__parameterized0_15 |          0 |          0 |       0 |    0 |    0 |      0 |      0 |          1 |
|           g_parallel.g_paths[0].g_symmetric.g_madds[4].i_madd                                                      |        fir_srrcaddsub_mult_add__parameterized1 |          0 |          0 |       0 |    0 |    0 |      0 |      0 |          1 |
|             i_addsub_mult_add                                                                                      |                   fir_srrccalc__parameterized0 |          0 |          0 |       0 |    0 |    0 |      0 |      0 |          1 |
|           g_parallel.i_cntrl_buff_sclr                                                                             |               fir_srrcdelay__parameterized3_10 |          1 |          0 |       0 |    1 |    1 |      0 |      0 |          0 |
|           g_parallel.i_cntrl_coef_addr                                                                             |               fir_srrcdelay__parameterized0_11 |          0 |          0 |       0 |    0 |    2 |      0 |      0 |          0 |
|           g_parallel.i_cntrl_src                                                                                   |               fir_srrcdelay__parameterized1_12 |          0 |          0 |       0 |    0 |    2 |      0 |      0 |          0 |
|           g_parallel.i_cntrl_sym_buff_sclr                                                                         |               fir_srrcdelay__parameterized3_13 |          0 |          0 |       0 |    0 |    2 |      0 |      0 |          0 |
|           g_parallel.i_data_in                                                                                     |                               fir_srrcdelay_14 |          8 |          0 |       0 |    8 |   12 |      0 |      0 |          0 |
|           g_s_data_chan_fifo.i_s_data_chan_fifo                                                                    |                          fir_srrcglb_ifx_slave |         20 |         12 |       0 |    8 |   33 |      0 |      0 |          0 |
|             (g_s_data_chan_fifo.i_s_data_chan_fifo)                                                                |                          fir_srrcglb_ifx_slave |          4 |          4 |       0 |    0 |   14 |      0 |      0 |          0 |
|             fifo0                                                                                                  |                           fir_srrcglb_srl_fifo |         16 |          8 |       0 |    8 |   19 |      0 |      0 |          0 |
+--------------------------------------------------------------------------------------------------------------------+------------------------------------------------+------------+------------+---------+------+------+--------+--------+------------+
* Note: The sum of lower-level cells may be larger than their parent cells total, due to cross-hierarchy LUT combining
