Copyright 1986-2021 Xilinx, Inc. All Rights Reserved.
----------------------------------------------------------------------------------------------------------------------------------------------------------------------------------
| Tool Version : Vivado v.2021.2 (win64) Build 3367213 Tue Oct 19 02:48:09 MDT 2021
| Date         : Wed Oct  7 22:11:11 2026
| Host         : LAPTOP-NLI2SH3R running 64-bit major release  (build 9200)
| Command      : report_timing_summary -delay_type max -max_paths 10 -file D:/My_project/FPGA_FH_SDR_AntiJamming_CommSystem/build/p4_compare/srrc_duc_fir/srrc_duc_fir_timing.rpt
| Design       : srrc_duc_fir
| Device       : 7z020-clg400
| Speed File   : -2  PRODUCTION 1.12 2019-11-22
----------------------------------------------------------------------------------------------------------------------------------------------------------------------------------

Timing Summary Report

------------------------------------------------------------------------------------------------
| Timer Settings
| --------------
------------------------------------------------------------------------------------------------

  Enable Multi Corner Analysis               :  Yes
  Enable Pessimism Removal                   :  Yes
  Pessimism Removal Resolution               :  Nearest Common Node
  Enable Input Delay Default Clock           :  No
  Enable Preset / Clear Arcs                 :  No
  Disable Flight Delays                      :  No
  Ignore I/O Paths                           :  No
  Timing Early Launch at Borrowing Latches   :  No
  Borrow Time for Max Delay Exceptions       :  Yes
  Merge Timing Exceptions                    :  Yes

  Corner  Analyze    Analyze
  Name    Max Paths  Min Paths
  ------  ---------  ---------
  Slow    Yes        Yes
  Fast    Yes        Yes


------------------------------------------------------------------------------------------------
| Report Methodology
| ------------------
------------------------------------------------------------------------------------------------

No report available as report_methodology has not been run prior. Run report_methodology on the current design for the summary of methodology violations.



check_timing report

Table of Contents
-----------------
1. checking no_clock (0)
2. checking constant_clock (0)
3. checking pulse_width_clock (0)
4. checking unconstrained_internal_endpoints (0)
5. checking no_input_delay (43)
6. checking no_output_delay (33)
7. checking multiple_clock (0)
8. checking generated_clocks (0)
9. checking loops (0)
10. checking partial_input_delay (0)
11. checking partial_output_delay (0)
12. checking latch_loops (0)

1. checking no_clock (0)
------------------------
 There are 0 register/latch pins with no clock.


2. checking constant_clock (0)
------------------------------
 There are 0 register/latch pins with constant_clock.


3. checking pulse_width_clock (0)
---------------------------------
 There are 0 register/latch pins which need pulse_width check


4. checking unconstrained_internal_endpoints (0)
------------------------------------------------
 There are 0 pins that are not constrained for maximum delay.

 There are 0 pins that are not constrained for maximum delay due to constant clock.


5. checking no_input_delay (43)
-------------------------------
 There are 43 input ports with no input delay specified. (HIGH)

 There are 0 input ports with no input delay but user has a false path constraint.


6. checking no_output_delay (33)
--------------------------------
 There are 33 ports with no output delay specified. (HIGH)

 There are 0 ports with no output delay but user has a false path constraint

 There are 0 ports with no output delay but with a timing clock defined on it or propagating through it


7. checking multiple_clock (0)
------------------------------
 There are 0 register/latch pins with multiple clocks.


8. checking generated_clocks (0)
--------------------------------
 There are 0 generated clocks that are not connected to a clock source.


9. checking loops (0)
---------------------
 There are 0 combinational loops in the design.


10. checking partial_input_delay (0)
------------------------------------
 There are 0 input ports with partial input delay specified.


11. checking partial_output_delay (0)
-------------------------------------
 There are 0 ports with partial output delay specified.


12. checking latch_loops (0)
----------------------------
 There are 0 combinational latch loops in the design through latch input



------------------------------------------------------------------------------------------------
| Design Timing Summary
| ---------------------
------------------------------------------------------------------------------------------------

    WNS(ns)      TNS(ns)  TNS Failing Endpoints  TNS Total Endpoints     WPWS(ns)     TPWS(ns)  TPWS Failing Endpoints  TPWS Total Endpoints
    -------      -------  ---------------------  -------------------     --------     --------  ----------------------  --------------------
     -0.636       -8.697                     16                 4146        7.008        0.000                       0                  1456


Timing constraints are not met.


------------------------------------------------------------------------------------------------
| Clock Summary
| -------------
------------------------------------------------------------------------------------------------

Clock  Waveform(ns)       Period(ns)      Frequency(MHz)
-----  ------------       ----------      --------------
clk    {0.000 8.138}      16.276          61.440


------------------------------------------------------------------------------------------------
| Intra Clock Table
| -----------------
------------------------------------------------------------------------------------------------

Clock             WNS(ns)      TNS(ns)  TNS Failing Endpoints  TNS Total Endpoints     WPWS(ns)     TPWS(ns)  TPWS Failing Endpoints  TPWS Total Endpoints
-----             -------      -------  ---------------------  -------------------     --------     --------  ----------------------  --------------------
clk                -0.636       -8.697                     16                 4146        7.008        0.000                       0                  1456


------------------------------------------------------------------------------------------------
| Inter Clock Table
| -----------------
------------------------------------------------------------------------------------------------

From Clock    To Clock          WNS(ns)      TNS(ns)  TNS Failing Endpoints  TNS Total Endpoints
----------    --------          -------      -------  ---------------------  -------------------


------------------------------------------------------------------------------------------------
| Other Path Groups Table
| -----------------------
------------------------------------------------------------------------------------------------

Path Group    From Clock    To Clock          WNS(ns)      TNS(ns)  TNS Failing Endpoints  TNS Total Endpoints
----------    ----------    --------          -------      -------  ---------------------  -------------------


------------------------------------------------------------------------------------------------
| Timing Details
| --------------
------------------------------------------------------------------------------------------------


---------------------------------------------------------------------------------------------------
From Clock:  clk
  To Clock:  clk

Setup :           16  Failing Endpoints,  Worst Slack       -0.636ns,  Total Violation       -8.697ns
Hold  :           NA  Failing Endpoints,  Worst Slack           NA  ,  Total Violation           NA
PW    :            0  Failing Endpoints,  Worst Slack        7.008ns,  Total Violation        0.000ns
---------------------------------------------------------------------------------------------------


Max Delay Paths
--------------------------------------------------------------------------------------
Slack (VIOLATED) :        -0.636ns  (required time - arrival time)
  Source:                 phase_acc_reg_rep[2]_rep__9/C
                            (rising edge-triggered cell FDCE clocked by clk  {rise@0.000ns fall@8.138ns period=16.276ns})
  Destination:            dout_data_reg[7]/D
                            (rising edge-triggered cell FDCE clocked by clk  {rise@0.000ns fall@8.138ns period=16.276ns})
  Path Group:             clk
  Path Type:              Setup (Max at Slow Process Corner)
  Requirement:            16.276ns  (clk rise@16.276ns - clk rise@0.000ns)
  Data Path Delay:        16.871ns  (logic 9.409ns (55.771%)  route 7.462ns (44.229%))
  Logic Levels:           25  (CARRY4=10 DSP48E1=2 LUT2=2 LUT3=2 LUT4=1 LUT5=2 LUT6=2 MUXF7=3 MUXF8=1)
  Clock Path Skew:        -0.039ns (DCD - SCD + CPR)
    Destination Clock Delay (DCD):    0.748ns = ( 17.024 - 16.276 )
    Source Clock Delay      (SCD):    0.787ns
    Clock Pessimism Removal (CPR):    0.000ns
  Clock Uncertainty:      0.035ns  ((TSJ^2 + TIJ^2)^1/2 + DJ) / 2 + PE
    Total System Jitter     (TSJ):    0.071ns
    Total Input Jitter      (TIJ):    0.000ns
    Discrete Jitter          (DJ):    0.000ns
    Phase Error              (PE):    0.000ns

    Location             Delay type                Incr(ns)  Path(ns)    Netlist Resource(s)
  -------------------------------------------------------------------    -------------------
                         (clock clk rise edge)        0.000     0.000 r
                                                      0.000     0.000 r  clk (IN)
                         net (fo=1455, unset)         0.787     0.787    clk
    SLICE_X54Y86         FDCE                                         r  phase_acc_reg_rep[2]_rep__9/C
  -------------------------------------------------------------------    -------------------
    SLICE_X54Y86         FDCE (Prop_fdce_C_Q)         0.433     1.220 r  phase_acc_reg_rep[2]_rep__9/Q
                         net (fo=121, routed)         1.109     2.329    phase_acc_reg_rep[2]_rep__9_n_0
    SLICE_X51Y87         LUT5 (Prop_lut5_I2_O)        0.105     2.434 f  g51_b1__0/O
                         net (fo=1, routed)           0.000     2.434    g51_b1__0_n_0
    SLICE_X51Y87         MUXF7 (Prop_muxf7_I0_O)      0.199     2.633 f  v0_i_2439/O
                         net (fo=1, routed)           0.663     3.296    v0_i_2439_n_0
    SLICE_X51Y88         LUT6 (Prop_lut6_I1_O)        0.250     3.546 f  v0_i_1410/O
                         net (fo=1, routed)           0.000     3.546    v0_i_1410_n_0
    SLICE_X51Y88         MUXF7 (Prop_muxf7_I1_O)      0.206     3.752 f  v0_i_702/O
                         net (fo=1, routed)           0.000     3.752    v0_i_702_n_0
    SLICE_X51Y88         MUXF8 (Prop_muxf8_I0_O)      0.085     3.837 f  v0_i_309/O
                         net (fo=1, routed)           1.084     4.921    v0_i_309_n_0
    SLICE_X42Y102        LUT6 (Prop_lut6_I1_O)        0.264     5.185 f  v0_i_123/O
                         net (fo=1, routed)           0.000     5.185    v0_i_123_n_0
    SLICE_X42Y102        MUXF7 (Prop_muxf7_I1_O)      0.206     5.391 f  v0_i_47/O
                         net (fo=2, routed)           0.456     5.847    p_0_out[1]
    SLICE_X40Y103        LUT3 (Prop_lut3_I0_O)        0.242     6.089 r  v0_i_116/O
                         net (fo=1, routed)           0.000     6.089    v0_i_116_n_0
    SLICE_X40Y103        CARRY4 (Prop_carry4_S[1]_CO[3])
                                                      0.457     6.546 r  v0_i_44/CO[3]
                         net (fo=1, routed)           0.000     6.546    v0_i_44_n_0
    SLICE_X40Y104        CARRY4 (Prop_carry4_CI_CO[3])
                                                      0.098     6.644 r  v0_i_35/CO[3]
                         net (fo=1, routed)           0.000     6.644    v0_i_35_n_0
    SLICE_X40Y105        CARRY4 (Prop_carry4_CI_CO[3])
                                                      0.098     6.742 r  v0_i_26/CO[3]
                         net (fo=1, routed)           0.000     6.742    v0_i_26_n_0
    SLICE_X40Y106        CARRY4 (Prop_carry4_CI_CO[3])
                                                      0.098     6.840 f  v0_i_17/CO[3]
                         net (fo=1, routed)           0.614     7.454    v0_i_17_n_0
    SLICE_X37Y106        LUT2 (Prop_lut2_I0_O)        0.105     7.559 r  v0_i_1/O
                         net (fo=30, routed)          0.698     8.256    v0_i_1_n_0
    DSP48_X2Y42          DSP48E1 (Prop_dsp48e1_A[16]_PCOUT[47])
                                                      3.397    11.653 r  v0/PCOUT[47]
                         net (fo=1, routed)           0.002    11.655    v0_n_106
    DSP48_X2Y43          DSP48E1 (Prop_dsp48e1_PCIN[47]_P[10])
                                                      1.271    12.926 r  v/P[10]
                         net (fo=3, routed)           0.800    13.727    v__1[10]
    SLICE_X33Y106        LUT4 (Prop_lut4_I0_O)        0.105    13.832 r  dout_data[2]_i_5/O
                         net (fo=1, routed)           0.468    14.300    dout_data[2]_i_5_n_0
    SLICE_X35Y106        LUT5 (Prop_lut5_I1_O)        0.105    14.405 r  dout_data[2]_i_3/O
                         net (fo=1, routed)           0.000    14.405    dout_data[2]_i_3_n_0
    SLICE_X35Y106        CARRY4 (Prop_carry4_S[1]_CO[3])
                                                      0.457    14.862 r  dout_data_reg[2]_i_2/CO[3]
                         net (fo=1, routed)           0.000    14.862    dout_data_reg[2]_i_2_n_0
    SLICE_X35Y107        CARRY4 (Prop_carry4_CI_CO[3])
                                                      0.098    14.960 r  dout_data_reg[6]_i_2/CO[3]
                         net (fo=1, routed)           0.000    14.960    dout_data_reg[6]_i_2_n_0
    SLICE_X35Y108        CARRY4 (Prop_carry4_CI_CO[3])
                                                      0.098    15.058 r  dout_data_reg[10]_i_2/CO[3]
                         net (fo=1, routed)           0.000    15.058    dout_data_reg[10]_i_2_n_0
    SLICE_X35Y109        CARRY4 (Prop_carry4_CI_CO[3])
                                                      0.098    15.156 r  dout_data_reg[14]_i_2/CO[3]
                         net (fo=1, routed)           0.000    15.156    dout_data_reg[14]_i_2_n_0
    SLICE_X35Y110        CARRY4 (Prop_carry4_CI_O[1])
                                                      0.265    15.421 f  dout_data_reg[15]_i_2/O[1]
                         net (fo=4, routed)           0.558    15.979    dout_data_reg[15]_i_2_n_6
    SLICE_X34Y108        LUT2 (Prop_lut2_I0_O)        0.250    16.229 r  dout_data[15]_i_11/O
                         net (fo=1, routed)           0.000    16.229    dout_data[15]_i_11_n_0
    SLICE_X34Y108        CARRY4 (Prop_carry4_S[3]_CO[3])
                                                      0.314    16.543 r  dout_data_reg[15]_i_4/CO[3]
                         net (fo=16, routed)          1.010    17.553    quant_duc12_in
    SLICE_X33Y108        LUT3 (Prop_lut3_I0_O)        0.105    17.658 r  dout_data[7]_i_1/O
                         net (fo=1, routed)           0.000    17.658    p_4_out[7]
    SLICE_X33Y108        FDCE                                         r  dout_data_reg[7]/D
  -------------------------------------------------------------------    -------------------

                         (clock clk rise edge)       16.276    16.276 r
                                                      0.000    16.276 r  clk (IN)
                         net (fo=1455, unset)         0.748    17.024    clk
    SLICE_X33Y108        FDCE                                         r  dout_data_reg[7]/C
                         clock pessimism              0.000    17.024
                         clock uncertainty           -0.035    16.988
    SLICE_X33Y108        FDCE (Setup_fdce_C_D)        0.033    17.021    dout_data_reg[7]
  -------------------------------------------------------------------
                         required time                         17.021
                         arrival time                         -17.658
  -------------------------------------------------------------------
                         slack                                 -0.636

Slack (VIOLATED) :        -0.620ns  (required time - arrival time)
  Source:                 phase_acc_reg_rep[2]_rep__9/C
                            (rising edge-triggered cell FDCE clocked by clk  {rise@0.000ns fall@8.138ns period=16.276ns})
  Destination:            dout_data_reg[5]/D
                            (rising edge-triggered cell FDCE clocked by clk  {rise@0.000ns fall@8.138ns period=16.276ns})
  Path Group:             clk
  Path Type:              Setup (Max at Slow Process Corner)
  Requirement:            16.276ns  (clk rise@16.276ns - clk rise@0.000ns)
  Data Path Delay:        16.854ns  (logic 9.409ns (55.828%)  route 7.445ns (44.172%))
  Logic Levels:           25  (CARRY4=10 DSP48E1=2 LUT2=2 LUT3=2 LUT4=1 LUT5=2 LUT6=2 MUXF7=3 MUXF8=1)
  Clock Path Skew:        -0.039ns (DCD - SCD + CPR)
    Destination Clock Delay (DCD):    0.748ns = ( 17.024 - 16.276 )
    Source Clock Delay      (SCD):    0.787ns
    Clock Pessimism Removal (CPR):    0.000ns
  Clock Uncertainty:      0.035ns  ((TSJ^2 + TIJ^2)^1/2 + DJ) / 2 + PE
    Total System Jitter     (TSJ):    0.071ns
    Total Input Jitter      (TIJ):    0.000ns
    Discrete Jitter          (DJ):    0.000ns
    Phase Error              (PE):    0.000ns

    Location             Delay type                Incr(ns)  Path(ns)    Netlist Resource(s)
  -------------------------------------------------------------------    -------------------
                         (clock clk rise edge)        0.000     0.000 r
                                                      0.000     0.000 r  clk (IN)
                         net (fo=1455, unset)         0.787     0.787    clk
    SLICE_X54Y86         FDCE                                         r  phase_acc_reg_rep[2]_rep__9/C
  -------------------------------------------------------------------    -------------------
    SLICE_X54Y86         FDCE (Prop_fdce_C_Q)         0.433     1.220 r  phase_acc_reg_rep[2]_rep__9/Q
                         net (fo=121, routed)         1.109     2.329    phase_acc_reg_rep[2]_rep__9_n_0
    SLICE_X51Y87         LUT5 (Prop_lut5_I2_O)        0.105     2.434 f  g51_b1__0/O
                         net (fo=1, routed)           0.000     2.434    g51_b1__0_n_0
    SLICE_X51Y87         MUXF7 (Prop_muxf7_I0_O)      0.199     2.633 f  v0_i_2439/O
                         net (fo=1, routed)           0.663     3.296    v0_i_2439_n_0
    SLICE_X51Y88         LUT6 (Prop_lut6_I1_O)        0.250     3.546 f  v0_i_1410/O
                         net (fo=1, routed)           0.000     3.546    v0_i_1410_n_0
    SLICE_X51Y88         MUXF7 (Prop_muxf7_I1_O)      0.206     3.752 f  v0_i_702/O
                         net (fo=1, routed)           0.000     3.752    v0_i_702_n_0
    SLICE_X51Y88         MUXF8 (Prop_muxf8_I0_O)      0.085     3.837 f  v0_i_309/O
                         net (fo=1, routed)           1.084     4.921    v0_i_309_n_0
    SLICE_X42Y102        LUT6 (Prop_lut6_I1_O)        0.264     5.185 f  v0_i_123/O
                         net (fo=1, routed)           0.000     5.185    v0_i_123_n_0
    SLICE_X42Y102        MUXF7 (Prop_muxf7_I1_O)      0.206     5.391 f  v0_i_47/O
                         net (fo=2, routed)           0.456     5.847    p_0_out[1]
    SLICE_X40Y103        LUT3 (Prop_lut3_I0_O)        0.242     6.089 r  v0_i_116/O
                         net (fo=1, routed)           0.000     6.089    v0_i_116_n_0
    SLICE_X40Y103        CARRY4 (Prop_carry4_S[1]_CO[3])
                                                      0.457     6.546 r  v0_i_44/CO[3]
                         net (fo=1, routed)           0.000     6.546    v0_i_44_n_0
    SLICE_X40Y104        CARRY4 (Prop_carry4_CI_CO[3])
                                                      0.098     6.644 r  v0_i_35/CO[3]
                         net (fo=1, routed)           0.000     6.644    v0_i_35_n_0
    SLICE_X40Y105        CARRY4 (Prop_carry4_CI_CO[3])
                                                      0.098     6.742 r  v0_i_26/CO[3]
                         net (fo=1, routed)           0.000     6.742    v0_i_26_n_0
    SLICE_X40Y106        CARRY4 (Prop_carry4_CI_CO[3])
                                                      0.098     6.840 f  v0_i_17/CO[3]
                         net (fo=1, routed)           0.614     7.454    v0_i_17_n_0
    SLICE_X37Y106        LUT2 (Prop_lut2_I0_O)        0.105     7.559 r  v0_i_1/O
                         net (fo=30, routed)          0.698     8.256    v0_i_1_n_0
    DSP48_X2Y42          DSP48E1 (Prop_dsp48e1_A[16]_PCOUT[47])
                                                      3.397    11.653 r  v0/PCOUT[47]
                         net (fo=1, routed)           0.002    11.655    v0_n_106
    DSP48_X2Y43          DSP48E1 (Prop_dsp48e1_PCIN[47]_P[10])
                                                      1.271    12.926 r  v/P[10]
                         net (fo=3, routed)           0.800    13.727    v__1[10]
    SLICE_X33Y106        LUT4 (Prop_lut4_I0_O)        0.105    13.832 r  dout_data[2]_i_5/O
                         net (fo=1, routed)           0.468    14.300    dout_data[2]_i_5_n_0
    SLICE_X35Y106        LUT5 (Prop_lut5_I1_O)        0.105    14.405 r  dout_data[2]_i_3/O
                         net (fo=1, routed)           0.000    14.405    dout_data[2]_i_3_n_0
    SLICE_X35Y106        CARRY4 (Prop_carry4_S[1]_CO[3])
                                                      0.457    14.862 r  dout_data_reg[2]_i_2/CO[3]
                         net (fo=1, routed)           0.000    14.862    dout_data_reg[2]_i_2_n_0
    SLICE_X35Y107        CARRY4 (Prop_carry4_CI_CO[3])
                                                      0.098    14.960 r  dout_data_reg[6]_i_2/CO[3]
                         net (fo=1, routed)           0.000    14.960    dout_data_reg[6]_i_2_n_0
    SLICE_X35Y108        CARRY4 (Prop_carry4_CI_CO[3])
                                                      0.098    15.058 r  dout_data_reg[10]_i_2/CO[3]
                         net (fo=1, routed)           0.000    15.058    dout_data_reg[10]_i_2_n_0
    SLICE_X35Y109        CARRY4 (Prop_carry4_CI_CO[3])
                                                      0.098    15.156 r  dout_data_reg[14]_i_2/CO[3]
                         net (fo=1, routed)           0.000    15.156    dout_data_reg[14]_i_2_n_0
    SLICE_X35Y110        CARRY4 (Prop_carry4_CI_O[1])
                                                      0.265    15.421 f  dout_data_reg[15]_i_2/O[1]
                         net (fo=4, routed)           0.558    15.979    dout_data_reg[15]_i_2_n_6
    SLICE_X34Y108        LUT2 (Prop_lut2_I0_O)        0.250    16.229 r  dout_data[15]_i_11/O
                         net (fo=1, routed)           0.000    16.229    dout_data[15]_i_11_n_0
    SLICE_X34Y108        CARRY4 (Prop_carry4_S[3]_CO[3])
                                                      0.314    16.543 r  dout_data_reg[15]_i_4/CO[3]
                         net (fo=16, routed)          0.992    17.535    quant_duc12_in
    SLICE_X33Y108        LUT3 (Prop_lut3_I0_O)        0.105    17.640 r  dout_data[5]_i_1/O
                         net (fo=1, routed)           0.000    17.640    p_4_out[5]
    SLICE_X33Y108        FDCE                                         r  dout_data_reg[5]/D
  -------------------------------------------------------------------    -------------------

                         (clock clk rise edge)       16.276    16.276 r
                                                      0.000    16.276 r  clk (IN)
                         net (fo=1455, unset)         0.748    17.024    clk
    SLICE_X33Y108        FDCE                                         r  dout_data_reg[5]/C
                         clock pessimism              0.000    17.024
                         clock uncertainty           -0.035    16.988
    SLICE_X33Y108        FDCE (Setup_fdce_C_D)        0.032    17.020    dout_data_reg[5]
  -------------------------------------------------------------------
                         required time                         17.020
                         arrival time                         -17.641
  -------------------------------------------------------------------
                         slack                                 -0.620

Slack (VIOLATED) :        -0.614ns  (required time - arrival time)
  Source:                 phase_acc_reg_rep[2]_rep__9/C
                            (rising edge-triggered cell FDCE clocked by clk  {rise@0.000ns fall@8.138ns period=16.276ns})
  Destination:            dout_data_reg[8]/D
                            (rising edge-triggered cell FDCE clocked by clk  {rise@0.000ns fall@8.138ns period=16.276ns})
  Path Group:             clk
  Path Type:              Setup (Max at Slow Process Corner)
  Requirement:            16.276ns  (clk rise@16.276ns - clk rise@0.000ns)
  Data Path Delay:        16.885ns  (logic 9.423ns (55.808%)  route 7.462ns (44.192%))
  Logic Levels:           25  (CARRY4=10 DSP48E1=2 LUT2=2 LUT3=2 LUT4=1 LUT5=2 LUT6=2 MUXF7=3 MUXF8=1)
  Clock Path Skew:        -0.039ns (DCD - SCD + CPR)
    Destination Clock Delay (DCD):    0.748ns = ( 17.024 - 16.276 )
    Source Clock Delay      (SCD):    0.787ns
    Clock Pessimism Removal (CPR):    0.000ns
  Clock Uncertainty:      0.035ns  ((TSJ^2 + TIJ^2)^1/2 + DJ) / 2 + PE
    Total System Jitter     (TSJ):    0.071ns
    Total Input Jitter      (TIJ):    0.000ns
    Discrete Jitter          (DJ):    0.000ns
    Phase Error              (PE):    0.000ns

    Location             Delay type                Incr(ns)  Path(ns)    Netlist Resource(s)
  -------------------------------------------------------------------    -------------------
                         (clock clk rise edge)        0.000     0.000 r
                                                      0.000     0.000 r  clk (IN)
                         net (fo=1455, unset)         0.787     0.787    clk
    SLICE_X54Y86         FDCE                                         r  phase_acc_reg_rep[2]_rep__9/C
  -------------------------------------------------------------------    -------------------
    SLICE_X54Y86         FDCE (Prop_fdce_C_Q)         0.433     1.220 r  phase_acc_reg_rep[2]_rep__9/Q
                         net (fo=121, routed)         1.109     2.329    phase_acc_reg_rep[2]_rep__9_n_0
    SLICE_X51Y87         LUT5 (Prop_lut5_I2_O)        0.105     2.434 f  g51_b1__0/O
                         net (fo=1, routed)           0.000     2.434    g51_b1__0_n_0
    SLICE_X51Y87         MUXF7 (Prop_muxf7_I0_O)      0.199     2.633 f  v0_i_2439/O
                         net (fo=1, routed)           0.663     3.296    v0_i_2439_n_0
    SLICE_X51Y88         LUT6 (Prop_lut6_I1_O)        0.250     3.546 f  v0_i_1410/O
                         net (fo=1, routed)           0.000     3.546    v0_i_1410_n_0
    SLICE_X51Y88         MUXF7 (Prop_muxf7_I1_O)      0.206     3.752 f  v0_i_702/O
                         net (fo=1, routed)           0.000     3.752    v0_i_702_n_0
    SLICE_X51Y88         MUXF8 (Prop_muxf8_I0_O)      0.085     3.837 f  v0_i_309/O
                         net (fo=1, routed)           1.084     4.921    v0_i_309_n_0
    SLICE_X42Y102        LUT6 (Prop_lut6_I1_O)        0.264     5.185 f  v0_i_123/O
                         net (fo=1, routed)           0.000     5.185    v0_i_123_n_0
    SLICE_X42Y102        MUXF7 (Prop_muxf7_I1_O)      0.206     5.391 f  v0_i_47/O
                         net (fo=2, routed)           0.456     5.847    p_0_out[1]
    SLICE_X40Y103        LUT3 (Prop_lut3_I0_O)        0.242     6.089 r  v0_i_116/O
                         net (fo=1, routed)           0.000     6.089    v0_i_116_n_0
    SLICE_X40Y103        CARRY4 (Prop_carry4_S[1]_CO[3])
                                                      0.457     6.546 r  v0_i_44/CO[3]
                         net (fo=1, routed)           0.000     6.546    v0_i_44_n_0
    SLICE_X40Y104        CARRY4 (Prop_carry4_CI_CO[3])
                                                      0.098     6.644 r  v0_i_35/CO[3]
                         net (fo=1, routed)           0.000     6.644    v0_i_35_n_0
    SLICE_X40Y105        CARRY4 (Prop_carry4_CI_CO[3])
                                                      0.098     6.742 r  v0_i_26/CO[3]
                         net (fo=1, routed)           0.000     6.742    v0_i_26_n_0
    SLICE_X40Y106        CARRY4 (Prop_carry4_CI_CO[3])
                                                      0.098     6.840 f  v0_i_17/CO[3]
                         net (fo=1, routed)           0.614     7.454    v0_i_17_n_0
    SLICE_X37Y106        LUT2 (Prop_lut2_I0_O)        0.105     7.559 r  v0_i_1/O
                         net (fo=30, routed)          0.698     8.256    v0_i_1_n_0
    DSP48_X2Y42          DSP48E1 (Prop_dsp48e1_A[16]_PCOUT[47])
                                                      3.397    11.653 r  v0/PCOUT[47]
                         net (fo=1, routed)           0.002    11.655    v0_n_106
    DSP48_X2Y43          DSP48E1 (Prop_dsp48e1_PCIN[47]_P[10])
                                                      1.271    12.926 r  v/P[10]
                         net (fo=3, routed)           0.800    13.727    v__1[10]
    SLICE_X33Y106        LUT4 (Prop_lut4_I0_O)        0.105    13.832 r  dout_data[2]_i_5/O
                         net (fo=1, routed)           0.468    14.300    dout_data[2]_i_5_n_0
    SLICE_X35Y106        LUT5 (Prop_lut5_I1_O)        0.105    14.405 r  dout_data[2]_i_3/O
                         net (fo=1, routed)           0.000    14.405    dout_data[2]_i_3_n_0
    SLICE_X35Y106        CARRY4 (Prop_carry4_S[1]_CO[3])
                                                      0.457    14.862 r  dout_data_reg[2]_i_2/CO[3]
                         net (fo=1, routed)           0.000    14.862    dout_data_reg[2]_i_2_n_0
    SLICE_X35Y107        CARRY4 (Prop_carry4_CI_CO[3])
                                                      0.098    14.960 r  dout_data_reg[6]_i_2/CO[3]
                         net (fo=1, routed)           0.000    14.960    dout_data_reg[6]_i_2_n_0
    SLICE_X35Y108        CARRY4 (Prop_carry4_CI_CO[3])
                                                      0.098    15.058 r  dout_data_reg[10]_i_2/CO[3]
                         net (fo=1, routed)           0.000    15.058    dout_data_reg[10]_i_2_n_0
    SLICE_X35Y109        CARRY4 (Prop_carry4_CI_CO[3])
                                                      0.098    15.156 r  dout_data_reg[14]_i_2/CO[3]
                         net (fo=1, routed)           0.000    15.156    dout_data_reg[14]_i_2_n_0
    SLICE_X35Y110        CARRY4 (Prop_carry4_CI_O[1])
                                                      0.265    15.421 f  dout_data_reg[15]_i_2/O[1]
                         net (fo=4, routed)           0.558    15.979    dout_data_reg[15]_i_2_n_6
    SLICE_X34Y108        LUT2 (Prop_lut2_I0_O)        0.250    16.229 r  dout_data[15]_i_11/O
                         net (fo=1, routed)           0.000    16.229    dout_data[15]_i_11_n_0
    SLICE_X34Y108        CARRY4 (Prop_carry4_S[3]_CO[3])
                                                      0.314    16.543 r  dout_data_reg[15]_i_4/CO[3]
                         net (fo=16, routed)          1.010    17.553    quant_duc12_in
    SLICE_X33Y108        LUT3 (Prop_lut3_I0_O)        0.119    17.672 r  dout_data[8]_i_1/O
                         net (fo=1, routed)           0.000    17.672    p_4_out[8]
    SLICE_X33Y108        FDCE                                         r  dout_data_reg[8]/D
  -------------------------------------------------------------------    -------------------

                         (clock clk rise edge)       16.276    16.276 r
                                                      0.000    16.276 r  clk (IN)
                         net (fo=1455, unset)         0.748    17.024    clk
    SLICE_X33Y108        FDCE                                         r  dout_data_reg[8]/C
                         clock pessimism              0.000    17.024
                         clock uncertainty           -0.035    16.988
    SLICE_X33Y108        FDCE (Setup_fdce_C_D)        0.069    17.057    dout_data_reg[8]
  -------------------------------------------------------------------
                         required time                         17.057
                         arrival time                         -17.672
  -------------------------------------------------------------------
                         slack                                 -0.614

Slack (VIOLATED) :        -0.596ns  (required time - arrival time)
  Source:                 phase_acc_reg_rep[2]_rep__9/C
                            (rising edge-triggered cell FDCE clocked by clk  {rise@0.000ns fall@8.138ns period=16.276ns})
  Destination:            dout_data_reg[6]/D
                            (rising edge-triggered cell FDCE clocked by clk  {rise@0.000ns fall@8.138ns period=16.276ns})
  Path Group:             clk
  Path Type:              Setup (Max at Slow Process Corner)
  Requirement:            16.276ns  (clk rise@16.276ns - clk rise@0.000ns)
  Data Path Delay:        16.867ns  (logic 9.422ns (55.862%)  route 7.445ns (44.138%))
  Logic Levels:           25  (CARRY4=10 DSP48E1=2 LUT2=2 LUT3=2 LUT4=1 LUT5=2 LUT6=2 MUXF7=3 MUXF8=1)
  Clock Path Skew:        -0.039ns (DCD - SCD + CPR)
    Destination Clock Delay (DCD):    0.748ns = ( 17.024 - 16.276 )
    Source Clock Delay      (SCD):    0.787ns
    Clock Pessimism Removal (CPR):    0.000ns
  Clock Uncertainty:      0.035ns  ((TSJ^2 + TIJ^2)^1/2 + DJ) / 2 + PE
    Total System Jitter     (TSJ):    0.071ns
    Total Input Jitter      (TIJ):    0.000ns
    Discrete Jitter          (DJ):    0.000ns
    Phase Error              (PE):    0.000ns

    Location             Delay type                Incr(ns)  Path(ns)    Netlist Resource(s)
  -------------------------------------------------------------------    -------------------
                         (clock clk rise edge)        0.000     0.000 r
                                                      0.000     0.000 r  clk (IN)
                         net (fo=1455, unset)         0.787     0.787    clk
    SLICE_X54Y86         FDCE                                         r  phase_acc_reg_rep[2]_rep__9/C
  -------------------------------------------------------------------    -------------------
    SLICE_X54Y86         FDCE (Prop_fdce_C_Q)         0.433     1.220 r  phase_acc_reg_rep[2]_rep__9/Q
                         net (fo=121, routed)         1.109     2.329    phase_acc_reg_rep[2]_rep__9_n_0
    SLICE_X51Y87         LUT5 (Prop_lut5_I2_O)        0.105     2.434 f  g51_b1__0/O
                         net (fo=1, routed)           0.000     2.434    g51_b1__0_n_0
    SLICE_X51Y87         MUXF7 (Prop_muxf7_I0_O)      0.199     2.633 f  v0_i_2439/O
                         net (fo=1, routed)           0.663     3.296    v0_i_2439_n_0
    SLICE_X51Y88         LUT6 (Prop_lut6_I1_O)        0.250     3.546 f  v0_i_1410/O
                         net (fo=1, routed)           0.000     3.546    v0_i_1410_n_0
    SLICE_X51Y88         MUXF7 (Prop_muxf7_I1_O)      0.206     3.752 f  v0_i_702/O
                         net (fo=1, routed)           0.000     3.752    v0_i_702_n_0
    SLICE_X51Y88         MUXF8 (Prop_muxf8_I0_O)      0.085     3.837 f  v0_i_309/O
                         net (fo=1, routed)           1.084     4.921    v0_i_309_n_0
    SLICE_X42Y102        LUT6 (Prop_lut6_I1_O)        0.264     5.185 f  v0_i_123/O
                         net (fo=1, routed)           0.000     5.185    v0_i_123_n_0
    SLICE_X42Y102        MUXF7 (Prop_muxf7_I1_O)      0.206     5.391 f  v0_i_47/O
                         net (fo=2, routed)           0.456     5.847    p_0_out[1]
    SLICE_X40Y103        LUT3 (Prop_lut3_I0_O)        0.242     6.089 r  v0_i_116/O
                         net (fo=1, routed)           0.000     6.089    v0_i_116_n_0
    SLICE_X40Y103        CARRY4 (Prop_carry4_S[1]_CO[3])
                                                      0.457     6.546 r  v0_i_44/CO[3]
                         net (fo=1, routed)           0.000     6.546    v0_i_44_n_0
    SLICE_X40Y104        CARRY4 (Prop_carry4_CI_CO[3])
                                                      0.098     6.644 r  v0_i_35/CO[3]
                         net (fo=1, routed)           0.000     6.644    v0_i_35_n_0
    SLICE_X40Y105        CARRY4 (Prop_carry4_CI_CO[3])
                                                      0.098     6.742 r  v0_i_26/CO[3]
                         net (fo=1, routed)           0.000     6.742    v0_i_26_n_0
    SLICE_X40Y106        CARRY4 (Prop_carry4_CI_CO[3])
                                                      0.098     6.840 f  v0_i_17/CO[3]
                         net (fo=1, routed)           0.614     7.454    v0_i_17_n_0
    SLICE_X37Y106        LUT2 (Prop_lut2_I0_O)        0.105     7.559 r  v0_i_1/O
                         net (fo=30, routed)          0.698     8.256    v0_i_1_n_0
    DSP48_X2Y42          DSP48E1 (Prop_dsp48e1_A[16]_PCOUT[47])
                                                      3.397    11.653 r  v0/PCOUT[47]
                         net (fo=1, routed)           0.002    11.655    v0_n_106
    DSP48_X2Y43          DSP48E1 (Prop_dsp48e1_PCIN[47]_P[10])
                                                      1.271    12.926 r  v/P[10]
                         net (fo=3, routed)           0.800    13.727    v__1[10]
    SLICE_X33Y106        LUT4 (Prop_lut4_I0_O)        0.105    13.832 r  dout_data[2]_i_5/O
                         net (fo=1, routed)           0.468    14.300    dout_data[2]_i_5_n_0
    SLICE_X35Y106        LUT5 (Prop_lut5_I1_O)        0.105    14.405 r  dout_data[2]_i_3/O
                         net (fo=1, routed)           0.000    14.405    dout_data[2]_i_3_n_0
    SLICE_X35Y106        CARRY4 (Prop_carry4_S[1]_CO[3])
                                                      0.457    14.862 r  dout_data_reg[2]_i_2/CO[3]
                         net (fo=1, routed)           0.000    14.862    dout_data_reg[2]_i_2_n_0
    SLICE_X35Y107        CARRY4 (Prop_carry4_CI_CO[3])
                                                      0.098    14.960 r  dout_data_reg[6]_i_2/CO[3]
                         net (fo=1, routed)           0.000    14.960    dout_data_reg[6]_i_2_n_0
    SLICE_X35Y108        CARRY4 (Prop_carry4_CI_CO[3])
                                                      0.098    15.058 r  dout_data_reg[10]_i_2/CO[3]
                         net (fo=1, routed)           0.000    15.058    dout_data_reg[10]_i_2_n_0
    SLICE_X35Y109        CARRY4 (Prop_carry4_CI_CO[3])
                                                      0.098    15.156 r  dout_data_reg[14]_i_2/CO[3]
                         net (fo=1, routed)           0.000    15.156    dout_data_reg[14]_i_2_n_0
    SLICE_X35Y110        CARRY4 (Prop_carry4_CI_O[1])
                                                      0.265    15.421 f  dout_data_reg[15]_i_2/O[1]
                         net (fo=4, routed)           0.558    15.979    dout_data_reg[15]_i_2_n_6
    SLICE_X34Y108        LUT2 (Prop_lut2_I0_O)        0.250    16.229 r  dout_data[15]_i_11/O
                         net (fo=1, routed)           0.000    16.229    dout_data[15]_i_11_n_0
    SLICE_X34Y108        CARRY4 (Prop_carry4_S[3]_CO[3])
                                                      0.314    16.543 r  dout_data_reg[15]_i_4/CO[3]
                         net (fo=16, routed)          0.992    17.535    quant_duc12_in
    SLICE_X33Y108        LUT3 (Prop_lut3_I0_O)        0.118    17.653 r  dout_data[6]_i_1/O
                         net (fo=1, routed)           0.000    17.653    p_4_out[6]
    SLICE_X33Y108        FDCE                                         r  dout_data_reg[6]/D
  -------------------------------------------------------------------    -------------------

                         (clock clk rise edge)       16.276    16.276 r
                                                      0.000    16.276 r  clk (IN)
                         net (fo=1455, unset)         0.748    17.024    clk
    SLICE_X33Y108        FDCE                                         r  dout_data_reg[6]/C
                         clock pessimism              0.000    17.024
                         clock uncertainty           -0.035    16.988
    SLICE_X33Y108        FDCE (Setup_fdce_C_D)        0.069    17.057    dout_data_reg[6]
  -------------------------------------------------------------------
                         required time                         17.057
                         arrival time                         -17.654
  -------------------------------------------------------------------
                         slack                                 -0.596

Slack (VIOLATED) :        -0.589ns  (required time - arrival time)
  Source:                 phase_acc_reg_rep[2]_rep__9/C
                            (rising edge-triggered cell FDCE clocked by clk  {rise@0.000ns fall@8.138ns period=16.276ns})
  Destination:            dout_data_reg[0]/D
                            (rising edge-triggered cell FDCE clocked by clk  {rise@0.000ns fall@8.138ns period=16.276ns})
  Path Group:             clk
  Path Type:              Setup (Max at Slow Process Corner)
  Requirement:            16.276ns  (clk rise@16.276ns - clk rise@0.000ns)
  Data Path Delay:        16.862ns  (logic 9.409ns (55.800%)  route 7.453ns (44.200%))
  Logic Levels:           25  (CARRY4=10 DSP48E1=2 LUT2=2 LUT3=2 LUT4=1 LUT5=2 LUT6=2 MUXF7=3 MUXF8=1)
  Clock Path Skew:        -0.039ns (DCD - SCD + CPR)
    Destination Clock Delay (DCD):    0.748ns = ( 17.024 - 16.276 )
    Source Clock Delay      (SCD):    0.787ns
    Clock Pessimism Removal (CPR):    0.000ns
  Clock Uncertainty:      0.035ns  ((TSJ^2 + TIJ^2)^1/2 + DJ) / 2 + PE
    Total System Jitter     (TSJ):    0.071ns
    Total Input Jitter      (TIJ):    0.000ns
    Discrete Jitter          (DJ):    0.000ns
    Phase Error              (PE):    0.000ns

    Location             Delay type                Incr(ns)  Path(ns)    Netlist Resource(s)
  -------------------------------------------------------------------    -------------------
                         (clock clk rise edge)        0.000     0.000 r
                                                      0.000     0.000 r  clk (IN)
                         net (fo=1455, unset)         0.787     0.787    clk
    SLICE_X54Y86         FDCE                                         r  phase_acc_reg_rep[2]_rep__9/C
  -------------------------------------------------------------------    -------------------
    SLICE_X54Y86         FDCE (Prop_fdce_C_Q)         0.433     1.220 r  phase_acc_reg_rep[2]_rep__9/Q
                         net (fo=121, routed)         1.109     2.329    phase_acc_reg_rep[2]_rep__9_n_0
    SLICE_X51Y87         LUT5 (Prop_lut5_I2_O)        0.105     2.434 f  g51_b1__0/O
                         net (fo=1, routed)           0.000     2.434    g51_b1__0_n_0
    SLICE_X51Y87         MUXF7 (Prop_muxf7_I0_O)      0.199     2.633 f  v0_i_2439/O
                         net (fo=1, routed)           0.663     3.296    v0_i_2439_n_0
    SLICE_X51Y88         LUT6 (Prop_lut6_I1_O)        0.250     3.546 f  v0_i_1410/O
                         net (fo=1, routed)           0.000     3.546    v0_i_1410_n_0
    SLICE_X51Y88         MUXF7 (Prop_muxf7_I1_O)      0.206     3.752 f  v0_i_702/O
                         net (fo=1, routed)           0.000     3.752    v0_i_702_n_0
    SLICE_X51Y88         MUXF8 (Prop_muxf8_I0_O)      0.085     3.837 f  v0_i_309/O
                         net (fo=1, routed)           1.084     4.921    v0_i_309_n_0
    SLICE_X42Y102        LUT6 (Prop_lut6_I1_O)        0.264     5.185 f  v0_i_123/O
                         net (fo=1, routed)           0.000     5.185    v0_i_123_n_0
    SLICE_X42Y102        MUXF7 (Prop_muxf7_I1_O)      0.206     5.391 f  v0_i_47/O
                         net (fo=2, routed)           0.456     5.847    p_0_out[1]
    SLICE_X40Y103        LUT3 (Prop_lut3_I0_O)        0.242     6.089 r  v0_i_116/O
                         net (fo=1, routed)           0.000     6.089    v0_i_116_n_0
    SLICE_X40Y103        CARRY4 (Prop_carry4_S[1]_CO[3])
                                                      0.457     6.546 r  v0_i_44/CO[3]
                         net (fo=1, routed)           0.000     6.546    v0_i_44_n_0
    SLICE_X40Y104        CARRY4 (Prop_carry4_CI_CO[3])
                                                      0.098     6.644 r  v0_i_35/CO[3]
                         net (fo=1, routed)           0.000     6.644    v0_i_35_n_0
    SLICE_X40Y105        CARRY4 (Prop_carry4_CI_CO[3])
                                                      0.098     6.742 r  v0_i_26/CO[3]
                         net (fo=1, routed)           0.000     6.742    v0_i_26_n_0
    SLICE_X40Y106        CARRY4 (Prop_carry4_CI_CO[3])
                                                      0.098     6.840 f  v0_i_17/CO[3]
                         net (fo=1, routed)           0.614     7.454    v0_i_17_n_0
    SLICE_X37Y106        LUT2 (Prop_lut2_I0_O)        0.105     7.559 r  v0_i_1/O
                         net (fo=30, routed)          0.698     8.256    v0_i_1_n_0
    DSP48_X2Y42          DSP48E1 (Prop_dsp48e1_A[16]_PCOUT[47])
                                                      3.397    11.653 r  v0/PCOUT[47]
                         net (fo=1, routed)           0.002    11.655    v0_n_106
    DSP48_X2Y43          DSP48E1 (Prop_dsp48e1_PCIN[47]_P[10])
                                                      1.271    12.926 r  v/P[10]
                         net (fo=3, routed)           0.800    13.727    v__1[10]
    SLICE_X33Y106        LUT4 (Prop_lut4_I0_O)        0.105    13.832 r  dout_data[2]_i_5/O
                         net (fo=1, routed)           0.468    14.300    dout_data[2]_i_5_n_0
    SLICE_X35Y106        LUT5 (Prop_lut5_I1_O)        0.105    14.405 r  dout_data[2]_i_3/O
                         net (fo=1, routed)           0.000    14.405    dout_data[2]_i_3_n_0
    SLICE_X35Y106        CARRY4 (Prop_carry4_S[1]_CO[3])
                                                      0.457    14.862 r  dout_data_reg[2]_i_2/CO[3]
                         net (fo=1, routed)           0.000    14.862    dout_data_reg[2]_i_2_n_0
    SLICE_X35Y107        CARRY4 (Prop_carry4_CI_CO[3])
                                                      0.098    14.960 r  dout_data_reg[6]_i_2/CO[3]
                         net (fo=1, routed)           0.000    14.960    dout_data_reg[6]_i_2_n_0
    SLICE_X35Y108        CARRY4 (Prop_carry4_CI_CO[3])
                                                      0.098    15.058 r  dout_data_reg[10]_i_2/CO[3]
                         net (fo=1, routed)           0.000    15.058    dout_data_reg[10]_i_2_n_0
    SLICE_X35Y109        CARRY4 (Prop_carry4_CI_CO[3])
                                                      0.098    15.156 r  dout_data_reg[14]_i_2/CO[3]
                         net (fo=1, routed)           0.000    15.156    dout_data_reg[14]_i_2_n_0
    SLICE_X35Y110        CARRY4 (Prop_carry4_CI_O[1])
                                                      0.265    15.421 f  dout_data_reg[15]_i_2/O[1]
                         net (fo=4, routed)           0.558    15.979    dout_data_reg[15]_i_2_n_6
    SLICE_X34Y108        LUT2 (Prop_lut2_I0_O)        0.250    16.229 r  dout_data[15]_i_11/O
                         net (fo=1, routed)           0.000    16.229    dout_data[15]_i_11_n_0
    SLICE_X34Y108        CARRY4 (Prop_carry4_S[3]_CO[3])
                                                      0.314    16.543 r  dout_data_reg[15]_i_4/CO[3]
                         net (fo=16, routed)          1.001    17.544    quant_duc12_in
    SLICE_X34Y109        LUT3 (Prop_lut3_I0_O)        0.105    17.649 r  dout_data[0]_i_1/O
                         net (fo=1, routed)           0.000    17.649    p_4_out[0]
    SLICE_X34Y109        FDCE                                         r  dout_data_reg[0]/D
  -------------------------------------------------------------------    -------------------

                         (clock clk rise edge)       16.276    16.276 r
                                                      0.000    16.276 r  clk (IN)
                         net (fo=1455, unset)         0.748    17.024    clk
    SLICE_X34Y109        FDCE                                         r  dout_data_reg[0]/C
                         clock pessimism              0.000    17.024
                         clock uncertainty           -0.035    16.988
    SLICE_X34Y109        FDCE (Setup_fdce_C_D)        0.072    17.060    dout_data_reg[0]
  -------------------------------------------------------------------
                         required time                         17.060
                         arrival time                         -17.649
  -------------------------------------------------------------------
                         slack                                 -0.589

Slack (VIOLATED) :        -0.582ns  (required time - arrival time)
  Source:                 phase_acc_reg_rep[2]_rep__9/C
                            (rising edge-triggered cell FDCE clocked by clk  {rise@0.000ns fall@8.138ns period=16.276ns})
  Destination:            dout_data_reg[13]/D
                            (rising edge-triggered cell FDCE clocked by clk  {rise@0.000ns fall@8.138ns period=16.276ns})
  Path Group:             clk
  Path Type:              Setup (Max at Slow Process Corner)
  Requirement:            16.276ns  (clk rise@16.276ns - clk rise@0.000ns)
  Data Path Delay:        16.857ns  (logic 9.409ns (55.816%)  route 7.448ns (44.184%))
  Logic Levels:           25  (CARRY4=10 DSP48E1=2 LUT2=2 LUT3=2 LUT4=1 LUT5=2 LUT6=2 MUXF7=3 MUXF8=1)
  Clock Path Skew:        -0.039ns (DCD - SCD + CPR)
    Destination Clock Delay (DCD):    0.748ns = ( 17.024 - 16.276 )
    Source Clock Delay      (SCD):    0.787ns
    Clock Pessimism Removal (CPR):    0.000ns
  Clock Uncertainty:      0.035ns  ((TSJ^2 + TIJ^2)^1/2 + DJ) / 2 + PE
    Total System Jitter     (TSJ):    0.071ns
    Total Input Jitter      (TIJ):    0.000ns
    Discrete Jitter          (DJ):    0.000ns
    Phase Error              (PE):    0.000ns

    Location             Delay type                Incr(ns)  Path(ns)    Netlist Resource(s)
  -------------------------------------------------------------------    -------------------
                         (clock clk rise edge)        0.000     0.000 r
                                                      0.000     0.000 r  clk (IN)
                         net (fo=1455, unset)         0.787     0.787    clk
    SLICE_X54Y86         FDCE                                         r  phase_acc_reg_rep[2]_rep__9/C
  -------------------------------------------------------------------    -------------------
    SLICE_X54Y86         FDCE (Prop_fdce_C_Q)         0.433     1.220 r  phase_acc_reg_rep[2]_rep__9/Q
                         net (fo=121, routed)         1.109     2.329    phase_acc_reg_rep[2]_rep__9_n_0
    SLICE_X51Y87         LUT5 (Prop_lut5_I2_O)        0.105     2.434 f  g51_b1__0/O
                         net (fo=1, routed)           0.000     2.434    g51_b1__0_n_0
    SLICE_X51Y87         MUXF7 (Prop_muxf7_I0_O)      0.199     2.633 f  v0_i_2439/O
                         net (fo=1, routed)           0.663     3.296    v0_i_2439_n_0
    SLICE_X51Y88         LUT6 (Prop_lut6_I1_O)        0.250     3.546 f  v0_i_1410/O
                         net (fo=1, routed)           0.000     3.546    v0_i_1410_n_0
    SLICE_X51Y88         MUXF7 (Prop_muxf7_I1_O)      0.206     3.752 f  v0_i_702/O
                         net (fo=1, routed)           0.000     3.752    v0_i_702_n_0
    SLICE_X51Y88         MUXF8 (Prop_muxf8_I0_O)      0.085     3.837 f  v0_i_309/O
                         net (fo=1, routed)           1.084     4.921    v0_i_309_n_0
    SLICE_X42Y102        LUT6 (Prop_lut6_I1_O)        0.264     5.185 f  v0_i_123/O
                         net (fo=1, routed)           0.000     5.185    v0_i_123_n_0
    SLICE_X42Y102        MUXF7 (Prop_muxf7_I1_O)      0.206     5.391 f  v0_i_47/O
                         net (fo=2, routed)           0.456     5.847    p_0_out[1]
    SLICE_X40Y103        LUT3 (Prop_lut3_I0_O)        0.242     6.089 r  v0_i_116/O
                         net (fo=1, routed)           0.000     6.089    v0_i_116_n_0
    SLICE_X40Y103        CARRY4 (Prop_carry4_S[1]_CO[3])
                                                      0.457     6.546 r  v0_i_44/CO[3]
                         net (fo=1, routed)           0.000     6.546    v0_i_44_n_0
    SLICE_X40Y104        CARRY4 (Prop_carry4_CI_CO[3])
                                                      0.098     6.644 r  v0_i_35/CO[3]
                         net (fo=1, routed)           0.000     6.644    v0_i_35_n_0
    SLICE_X40Y105        CARRY4 (Prop_carry4_CI_CO[3])
                                                      0.098     6.742 r  v0_i_26/CO[3]
                         net (fo=1, routed)           0.000     6.742    v0_i_26_n_0
    SLICE_X40Y106        CARRY4 (Prop_carry4_CI_CO[3])
                                                      0.098     6.840 f  v0_i_17/CO[3]
                         net (fo=1, routed)           0.614     7.454    v0_i_17_n_0
    SLICE_X37Y106        LUT2 (Prop_lut2_I0_O)        0.105     7.559 r  v0_i_1/O
                         net (fo=30, routed)          0.698     8.256    v0_i_1_n_0
    DSP48_X2Y42          DSP48E1 (Prop_dsp48e1_A[16]_PCOUT[47])
                                                      3.397    11.653 r  v0/PCOUT[47]
                         net (fo=1, routed)           0.002    11.655    v0_n_106
    DSP48_X2Y43          DSP48E1 (Prop_dsp48e1_PCIN[47]_P[10])
                                                      1.271    12.926 r  v/P[10]
                         net (fo=3, routed)           0.800    13.727    v__1[10]
    SLICE_X33Y106        LUT4 (Prop_lut4_I0_O)        0.105    13.832 r  dout_data[2]_i_5/O
                         net (fo=1, routed)           0.468    14.300    dout_data[2]_i_5_n_0
    SLICE_X35Y106        LUT5 (Prop_lut5_I1_O)        0.105    14.405 r  dout_data[2]_i_3/O
                         net (fo=1, routed)           0.000    14.405    dout_data[2]_i_3_n_0
    SLICE_X35Y106        CARRY4 (Prop_carry4_S[1]_CO[3])
                                                      0.457    14.862 r  dout_data_reg[2]_i_2/CO[3]
                         net (fo=1, routed)           0.000    14.862    dout_data_reg[2]_i_2_n_0
    SLICE_X35Y107        CARRY4 (Prop_carry4_CI_CO[3])
                                                      0.098    14.960 r  dout_data_reg[6]_i_2/CO[3]
                         net (fo=1, routed)           0.000    14.960    dout_data_reg[6]_i_2_n_0
    SLICE_X35Y108        CARRY4 (Prop_carry4_CI_CO[3])
                                                      0.098    15.058 r  dout_data_reg[10]_i_2/CO[3]
                         net (fo=1, routed)           0.000    15.058    dout_data_reg[10]_i_2_n_0
    SLICE_X35Y109        CARRY4 (Prop_carry4_CI_CO[3])
                                                      0.098    15.156 r  dout_data_reg[14]_i_2/CO[3]
                         net (fo=1, routed)           0.000    15.156    dout_data_reg[14]_i_2_n_0
    SLICE_X35Y110        CARRY4 (Prop_carry4_CI_O[1])
                                                      0.265    15.421 f  dout_data_reg[15]_i_2/O[1]
                         net (fo=4, routed)           0.558    15.979    dout_data_reg[15]_i_2_n_6
    SLICE_X34Y108        LUT2 (Prop_lut2_I0_O)        0.250    16.229 r  dout_data[15]_i_11/O
                         net (fo=1, routed)           0.000    16.229    dout_data[15]_i_11_n_0
    SLICE_X34Y108        CARRY4 (Prop_carry4_S[3]_CO[3])
                                                      0.314    16.543 r  dout_data_reg[15]_i_4/CO[3]
                         net (fo=16, routed)          0.996    17.539    quant_duc12_in
    SLICE_X34Y109        LUT3 (Prop_lut3_I0_O)        0.105    17.644 r  dout_data[13]_i_1/O
                         net (fo=1, routed)           0.000    17.644    p_4_out[13]
    SLICE_X34Y109        FDCE                                         r  dout_data_reg[13]/D
  -------------------------------------------------------------------    -------------------

                         (clock clk rise edge)       16.276    16.276 r
                                                      0.000    16.276 r  clk (IN)
                         net (fo=1455, unset)         0.748    17.024    clk
    SLICE_X34Y109        FDCE                                         r  dout_data_reg[13]/C
                         clock pessimism              0.000    17.024
                         clock uncertainty           -0.035    16.988
    SLICE_X34Y109        FDCE (Setup_fdce_C_D)        0.074    17.062    dout_data_reg[13]
  -------------------------------------------------------------------
                         required time                         17.062
                         arrival time                         -17.644
  -------------------------------------------------------------------
                         slack                                 -0.582

Slack (VIOLATED) :        -0.575ns  (required time - arrival time)
  Source:                 phase_acc_reg_rep[2]_rep__9/C
                            (rising edge-triggered cell FDCE clocked by clk  {rise@0.000ns fall@8.138ns period=16.276ns})
  Destination:            dout_data_reg[15]/D
                            (rising edge-triggered cell FDCE clocked by clk  {rise@0.000ns fall@8.138ns period=16.276ns})
  Path Group:             clk
  Path Type:              Setup (Max at Slow Process Corner)
  Requirement:            16.276ns  (clk rise@16.276ns - clk rise@0.000ns)
  Data Path Delay:        16.882ns  (logic 9.429ns (55.853%)  route 7.453ns (44.147%))
  Logic Levels:           25  (CARRY4=10 DSP48E1=2 LUT2=2 LUT3=2 LUT4=1 LUT5=2 LUT6=2 MUXF7=3 MUXF8=1)
  Clock Path Skew:        -0.039ns (DCD - SCD + CPR)
    Destination Clock Delay (DCD):    0.748ns = ( 17.024 - 16.276 )
    Source Clock Delay      (SCD):    0.787ns
    Clock Pessimism Removal (CPR):    0.000ns
  Clock Uncertainty:      0.035ns  ((TSJ^2 + TIJ^2)^1/2 + DJ) / 2 + PE
    Total System Jitter     (TSJ):    0.071ns
    Total Input Jitter      (TIJ):    0.000ns
    Discrete Jitter          (DJ):    0.000ns
    Phase Error              (PE):    0.000ns

    Location             Delay type                Incr(ns)  Path(ns)    Netlist Resource(s)
  -------------------------------------------------------------------    -------------------
                         (clock clk rise edge)        0.000     0.000 r
                                                      0.000     0.000 r  clk (IN)
                         net (fo=1455, unset)         0.787     0.787    clk
    SLICE_X54Y86         FDCE                                         r  phase_acc_reg_rep[2]_rep__9/C
  -------------------------------------------------------------------    -------------------
    SLICE_X54Y86         FDCE (Prop_fdce_C_Q)         0.433     1.220 r  phase_acc_reg_rep[2]_rep__9/Q
                         net (fo=121, routed)         1.109     2.329    phase_acc_reg_rep[2]_rep__9_n_0
    SLICE_X51Y87         LUT5 (Prop_lut5_I2_O)        0.105     2.434 f  g51_b1__0/O
                         net (fo=1, routed)           0.000     2.434    g51_b1__0_n_0
    SLICE_X51Y87         MUXF7 (Prop_muxf7_I0_O)      0.199     2.633 f  v0_i_2439/O
                         net (fo=1, routed)           0.663     3.296    v0_i_2439_n_0
    SLICE_X51Y88         LUT6 (Prop_lut6_I1_O)        0.250     3.546 f  v0_i_1410/O
                         net (fo=1, routed)           0.000     3.546    v0_i_1410_n_0
    SLICE_X51Y88         MUXF7 (Prop_muxf7_I1_O)      0.206     3.752 f  v0_i_702/O
                         net (fo=1, routed)           0.000     3.752    v0_i_702_n_0
    SLICE_X51Y88         MUXF8 (Prop_muxf8_I0_O)      0.085     3.837 f  v0_i_309/O
                         net (fo=1, routed)           1.084     4.921    v0_i_309_n_0
    SLICE_X42Y102        LUT6 (Prop_lut6_I1_O)        0.264     5.185 f  v0_i_123/O
                         net (fo=1, routed)           0.000     5.185    v0_i_123_n_0
    SLICE_X42Y102        MUXF7 (Prop_muxf7_I1_O)      0.206     5.391 f  v0_i_47/O
                         net (fo=2, routed)           0.456     5.847    p_0_out[1]
    SLICE_X40Y103        LUT3 (Prop_lut3_I0_O)        0.242     6.089 r  v0_i_116/O
                         net (fo=1, routed)           0.000     6.089    v0_i_116_n_0
    SLICE_X40Y103        CARRY4 (Prop_carry4_S[1]_CO[3])
                                                      0.457     6.546 r  v0_i_44/CO[3]
                         net (fo=1, routed)           0.000     6.546    v0_i_44_n_0
    SLICE_X40Y104        CARRY4 (Prop_carry4_CI_CO[3])
                                                      0.098     6.644 r  v0_i_35/CO[3]
                         net (fo=1, routed)           0.000     6.644    v0_i_35_n_0
    SLICE_X40Y105        CARRY4 (Prop_carry4_CI_CO[3])
                                                      0.098     6.742 r  v0_i_26/CO[3]
                         net (fo=1, routed)           0.000     6.742    v0_i_26_n_0
    SLICE_X40Y106        CARRY4 (Prop_carry4_CI_CO[3])
                                                      0.098     6.840 f  v0_i_17/CO[3]
                         net (fo=1, routed)           0.614     7.454    v0_i_17_n_0
    SLICE_X37Y106        LUT2 (Prop_lut2_I0_O)        0.105     7.559 r  v0_i_1/O
                         net (fo=30, routed)          0.698     8.256    v0_i_1_n_0
    DSP48_X2Y42          DSP48E1 (Prop_dsp48e1_A[16]_PCOUT[47])
                                                      3.397    11.653 r  v0/PCOUT[47]
                         net (fo=1, routed)           0.002    11.655    v0_n_106
    DSP48_X2Y43          DSP48E1 (Prop_dsp48e1_PCIN[47]_P[10])
                                                      1.271    12.926 r  v/P[10]
                         net (fo=3, routed)           0.800    13.727    v__1[10]
    SLICE_X33Y106        LUT4 (Prop_lut4_I0_O)        0.105    13.832 r  dout_data[2]_i_5/O
                         net (fo=1, routed)           0.468    14.300    dout_data[2]_i_5_n_0
    SLICE_X35Y106        LUT5 (Prop_lut5_I1_O)        0.105    14.405 r  dout_data[2]_i_3/O
                         net (fo=1, routed)           0.000    14.405    dout_data[2]_i_3_n_0
    SLICE_X35Y106        CARRY4 (Prop_carry4_S[1]_CO[3])
                                                      0.457    14.862 r  dout_data_reg[2]_i_2/CO[3]
                         net (fo=1, routed)           0.000    14.862    dout_data_reg[2]_i_2_n_0
    SLICE_X35Y107        CARRY4 (Prop_carry4_CI_CO[3])
                                                      0.098    14.960 r  dout_data_reg[6]_i_2/CO[3]
                         net (fo=1, routed)           0.000    14.960    dout_data_reg[6]_i_2_n_0
    SLICE_X35Y108        CARRY4 (Prop_carry4_CI_CO[3])
                                                      0.098    15.058 r  dout_data_reg[10]_i_2/CO[3]
                         net (fo=1, routed)           0.000    15.058    dout_data_reg[10]_i_2_n_0
    SLICE_X35Y109        CARRY4 (Prop_carry4_CI_CO[3])
                                                      0.098    15.156 r  dout_data_reg[14]_i_2/CO[3]
                         net (fo=1, routed)           0.000    15.156    dout_data_reg[14]_i_2_n_0
    SLICE_X35Y110        CARRY4 (Prop_carry4_CI_O[1])
                                                      0.265    15.421 f  dout_data_reg[15]_i_2/O[1]
                         net (fo=4, routed)           0.558    15.979    dout_data_reg[15]_i_2_n_6
    SLICE_X34Y108        LUT2 (Prop_lut2_I0_O)        0.250    16.229 r  dout_data[15]_i_11/O
                         net (fo=1, routed)           0.000    16.229    dout_data[15]_i_11_n_0
    SLICE_X34Y108        CARRY4 (Prop_carry4_S[3]_CO[3])
                                                      0.314    16.543 f  dout_data_reg[15]_i_4/CO[3]
                         net (fo=16, routed)          1.001    17.544    quant_duc12_in
    SLICE_X34Y109        LUT3 (Prop_lut3_I2_O)        0.125    17.669 r  dout_data[15]_i_1/O
                         net (fo=1, routed)           0.000    17.669    p_4_out[15]
    SLICE_X34Y109        FDCE                                         r  dout_data_reg[15]/D
  -------------------------------------------------------------------    -------------------

                         (clock clk rise edge)       16.276    16.276 r
                                                      0.000    16.276 r  clk (IN)
                         net (fo=1455, unset)         0.748    17.024    clk
    SLICE_X34Y109        FDCE                                         r  dout_data_reg[15]/C
                         clock pessimism              0.000    17.024
                         clock uncertainty           -0.035    16.988
    SLICE_X34Y109        FDCE (Setup_fdce_C_D)        0.106    17.094    dout_data_reg[15]
  -------------------------------------------------------------------
                         required time                         17.094
                         arrival time                         -17.669
  -------------------------------------------------------------------
                         slack                                 -0.575

Slack (VIOLATED) :        -0.567ns  (required time - arrival time)
  Source:                 phase_acc_reg_rep[2]_rep__9/C
                            (rising edge-triggered cell FDCE clocked by clk  {rise@0.000ns fall@8.138ns period=16.276ns})
  Destination:            dout_data_reg[14]/D
                            (rising edge-triggered cell FDCE clocked by clk  {rise@0.000ns fall@8.138ns period=16.276ns})
  Path Group:             clk
  Path Type:              Setup (Max at Slow Process Corner)
  Requirement:            16.276ns  (clk rise@16.276ns - clk rise@0.000ns)
  Data Path Delay:        16.874ns  (logic 9.426ns (55.861%)  route 7.448ns (44.139%))
  Logic Levels:           25  (CARRY4=10 DSP48E1=2 LUT2=2 LUT3=2 LUT4=1 LUT5=2 LUT6=2 MUXF7=3 MUXF8=1)
  Clock Path Skew:        -0.039ns (DCD - SCD + CPR)
    Destination Clock Delay (DCD):    0.748ns = ( 17.024 - 16.276 )
    Source Clock Delay      (SCD):    0.787ns
    Clock Pessimism Removal (CPR):    0.000ns
  Clock Uncertainty:      0.035ns  ((TSJ^2 + TIJ^2)^1/2 + DJ) / 2 + PE
    Total System Jitter     (TSJ):    0.071ns
    Total Input Jitter      (TIJ):    0.000ns
    Discrete Jitter          (DJ):    0.000ns
    Phase Error              (PE):    0.000ns

    Location             Delay type                Incr(ns)  Path(ns)    Netlist Resource(s)
  -------------------------------------------------------------------    -------------------
                         (clock clk rise edge)        0.000     0.000 r
                                                      0.000     0.000 r  clk (IN)
                         net (fo=1455, unset)         0.787     0.787    clk
    SLICE_X54Y86         FDCE                                         r  phase_acc_reg_rep[2]_rep__9/C
  -------------------------------------------------------------------    -------------------
    SLICE_X54Y86         FDCE (Prop_fdce_C_Q)         0.433     1.220 r  phase_acc_reg_rep[2]_rep__9/Q
                         net (fo=121, routed)         1.109     2.329    phase_acc_reg_rep[2]_rep__9_n_0
    SLICE_X51Y87         LUT5 (Prop_lut5_I2_O)        0.105     2.434 f  g51_b1__0/O
                         net (fo=1, routed)           0.000     2.434    g51_b1__0_n_0
    SLICE_X51Y87         MUXF7 (Prop_muxf7_I0_O)      0.199     2.633 f  v0_i_2439/O
                         net (fo=1, routed)           0.663     3.296    v0_i_2439_n_0
    SLICE_X51Y88         LUT6 (Prop_lut6_I1_O)        0.250     3.546 f  v0_i_1410/O
                         net (fo=1, routed)           0.000     3.546    v0_i_1410_n_0
    SLICE_X51Y88         MUXF7 (Prop_muxf7_I1_O)      0.206     3.752 f  v0_i_702/O
                         net (fo=1, routed)           0.000     3.752    v0_i_702_n_0
    SLICE_X51Y88         MUXF8 (Prop_muxf8_I0_O)      0.085     3.837 f  v0_i_309/O
                         net (fo=1, routed)           1.084     4.921    v0_i_309_n_0
    SLICE_X42Y102        LUT6 (Prop_lut6_I1_O)        0.264     5.185 f  v0_i_123/O
                         net (fo=1, routed)           0.000     5.185    v0_i_123_n_0
    SLICE_X42Y102        MUXF7 (Prop_muxf7_I1_O)      0.206     5.391 f  v0_i_47/O
                         net (fo=2, routed)           0.456     5.847    p_0_out[1]
    SLICE_X40Y103        LUT3 (Prop_lut3_I0_O)        0.242     6.089 r  v0_i_116/O
                         net (fo=1, routed)           0.000     6.089    v0_i_116_n_0
    SLICE_X40Y103        CARRY4 (Prop_carry4_S[1]_CO[3])
                                                      0.457     6.546 r  v0_i_44/CO[3]
                         net (fo=1, routed)           0.000     6.546    v0_i_44_n_0
    SLICE_X40Y104        CARRY4 (Prop_carry4_CI_CO[3])
                                                      0.098     6.644 r  v0_i_35/CO[3]
                         net (fo=1, routed)           0.000     6.644    v0_i_35_n_0
    SLICE_X40Y105        CARRY4 (Prop_carry4_CI_CO[3])
                                                      0.098     6.742 r  v0_i_26/CO[3]
                         net (fo=1, routed)           0.000     6.742    v0_i_26_n_0
    SLICE_X40Y106        CARRY4 (Prop_carry4_CI_CO[3])
                                                      0.098     6.840 f  v0_i_17/CO[3]
                         net (fo=1, routed)           0.614     7.454    v0_i_17_n_0
    SLICE_X37Y106        LUT2 (Prop_lut2_I0_O)        0.105     7.559 r  v0_i_1/O
                         net (fo=30, routed)          0.698     8.256    v0_i_1_n_0
    DSP48_X2Y42          DSP48E1 (Prop_dsp48e1_A[16]_PCOUT[47])
                                                      3.397    11.653 r  v0/PCOUT[47]
                         net (fo=1, routed)           0.002    11.655    v0_n_106
    DSP48_X2Y43          DSP48E1 (Prop_dsp48e1_PCIN[47]_P[10])
                                                      1.271    12.926 r  v/P[10]
                         net (fo=3, routed)           0.800    13.727    v__1[10]
    SLICE_X33Y106        LUT4 (Prop_lut4_I0_O)        0.105    13.832 r  dout_data[2]_i_5/O
                         net (fo=1, routed)           0.468    14.300    dout_data[2]_i_5_n_0
    SLICE_X35Y106        LUT5 (Prop_lut5_I1_O)        0.105    14.405 r  dout_data[2]_i_3/O
                         net (fo=1, routed)           0.000    14.405    dout_data[2]_i_3_n_0
    SLICE_X35Y106        CARRY4 (Prop_carry4_S[1]_CO[3])
                                                      0.457    14.862 r  dout_data_reg[2]_i_2/CO[3]
                         net (fo=1, routed)           0.000    14.862    dout_data_reg[2]_i_2_n_0
    SLICE_X35Y107        CARRY4 (Prop_carry4_CI_CO[3])
                                                      0.098    14.960 r  dout_data_reg[6]_i_2/CO[3]
                         net (fo=1, routed)           0.000    14.960    dout_data_reg[6]_i_2_n_0
    SLICE_X35Y108        CARRY4 (Prop_carry4_CI_CO[3])
                                                      0.098    15.058 r  dout_data_reg[10]_i_2/CO[3]
                         net (fo=1, routed)           0.000    15.058    dout_data_reg[10]_i_2_n_0
    SLICE_X35Y109        CARRY4 (Prop_carry4_CI_CO[3])
                                                      0.098    15.156 r  dout_data_reg[14]_i_2/CO[3]
                         net (fo=1, routed)           0.000    15.156    dout_data_reg[14]_i_2_n_0
    SLICE_X35Y110        CARRY4 (Prop_carry4_CI_O[1])
                                                      0.265    15.421 f  dout_data_reg[15]_i_2/O[1]
                         net (fo=4, routed)           0.558    15.979    dout_data_reg[15]_i_2_n_6
    SLICE_X34Y108        LUT2 (Prop_lut2_I0_O)        0.250    16.229 r  dout_data[15]_i_11/O
                         net (fo=1, routed)           0.000    16.229    dout_data[15]_i_11_n_0
    SLICE_X34Y108        CARRY4 (Prop_carry4_S[3]_CO[3])
                                                      0.314    16.543 r  dout_data_reg[15]_i_4/CO[3]
                         net (fo=16, routed)          0.996    17.539    quant_duc12_in
    SLICE_X34Y109        LUT3 (Prop_lut3_I0_O)        0.122    17.661 r  dout_data[14]_i_1/O
                         net (fo=1, routed)           0.000    17.661    p_4_out[14]
    SLICE_X34Y109        FDCE                                         r  dout_data_reg[14]/D
  -------------------------------------------------------------------    -------------------

                         (clock clk rise edge)       16.276    16.276 r
                                                      0.000    16.276 r  clk (IN)
                         net (fo=1455, unset)         0.748    17.024    clk
    SLICE_X34Y109        FDCE                                         r  dout_data_reg[14]/C
                         clock pessimism              0.000    17.024
                         clock uncertainty           -0.035    16.988
    SLICE_X34Y109        FDCE (Setup_fdce_C_D)        0.106    17.094    dout_data_reg[14]
  -------------------------------------------------------------------
                         required time                         17.094
                         arrival time                         -17.661
  -------------------------------------------------------------------
                         slack                                 -0.567

Slack (VIOLATED) :        -0.542ns  (required time - arrival time)
  Source:                 phase_acc_reg_rep[2]_rep__9/C
                            (rising edge-triggered cell FDCE clocked by clk  {rise@0.000ns fall@8.138ns period=16.276ns})
  Destination:            dout_data_reg[3]/D
                            (rising edge-triggered cell FDCE clocked by clk  {rise@0.000ns fall@8.138ns period=16.276ns})
  Path Group:             clk
  Path Type:              Setup (Max at Slow Process Corner)
  Requirement:            16.276ns  (clk rise@16.276ns - clk rise@0.000ns)
  Data Path Delay:        16.776ns  (logic 9.409ns (56.087%)  route 7.367ns (43.913%))
  Logic Levels:           25  (CARRY4=10 DSP48E1=2 LUT2=2 LUT3=2 LUT4=1 LUT5=2 LUT6=2 MUXF7=3 MUXF8=1)
  Clock Path Skew:        -0.039ns (DCD - SCD + CPR)
    Destination Clock Delay (DCD):    0.748ns = ( 17.024 - 16.276 )
    Source Clock Delay      (SCD):    0.787ns
    Clock Pessimism Removal (CPR):    0.000ns
  Clock Uncertainty:      0.035ns  ((TSJ^2 + TIJ^2)^1/2 + DJ) / 2 + PE
    Total System Jitter     (TSJ):    0.071ns
    Total Input Jitter      (TIJ):    0.000ns
    Discrete Jitter          (DJ):    0.000ns
    Phase Error              (PE):    0.000ns

    Location             Delay type                Incr(ns)  Path(ns)    Netlist Resource(s)
  -------------------------------------------------------------------    -------------------
                         (clock clk rise edge)        0.000     0.000 r
                                                      0.000     0.000 r  clk (IN)
                         net (fo=1455, unset)         0.787     0.787    clk
    SLICE_X54Y86         FDCE                                         r  phase_acc_reg_rep[2]_rep__9/C
  -------------------------------------------------------------------    -------------------
    SLICE_X54Y86         FDCE (Prop_fdce_C_Q)         0.433     1.220 r  phase_acc_reg_rep[2]_rep__9/Q
                         net (fo=121, routed)         1.109     2.329    phase_acc_reg_rep[2]_rep__9_n_0
    SLICE_X51Y87         LUT5 (Prop_lut5_I2_O)        0.105     2.434 f  g51_b1__0/O
                         net (fo=1, routed)           0.000     2.434    g51_b1__0_n_0
    SLICE_X51Y87         MUXF7 (Prop_muxf7_I0_O)      0.199     2.633 f  v0_i_2439/O
                         net (fo=1, routed)           0.663     3.296    v0_i_2439_n_0
    SLICE_X51Y88         LUT6 (Prop_lut6_I1_O)        0.250     3.546 f  v0_i_1410/O
                         net (fo=1, routed)           0.000     3.546    v0_i_1410_n_0
    SLICE_X51Y88         MUXF7 (Prop_muxf7_I1_O)      0.206     3.752 f  v0_i_702/O
                         net (fo=1, routed)           0.000     3.752    v0_i_702_n_0
    SLICE_X51Y88         MUXF8 (Prop_muxf8_I0_O)      0.085     3.837 f  v0_i_309/O
                         net (fo=1, routed)           1.084     4.921    v0_i_309_n_0
    SLICE_X42Y102        LUT6 (Prop_lut6_I1_O)        0.264     5.185 f  v0_i_123/O
                         net (fo=1, routed)           0.000     5.185    v0_i_123_n_0
    SLICE_X42Y102        MUXF7 (Prop_muxf7_I1_O)      0.206     5.391 f  v0_i_47/O
                         net (fo=2, routed)           0.456     5.847    p_0_out[1]
    SLICE_X40Y103        LUT3 (Prop_lut3_I0_O)        0.242     6.089 r  v0_i_116/O
                         net (fo=1, routed)           0.000     6.089    v0_i_116_n_0
    SLICE_X40Y103        CARRY4 (Prop_carry4_S[1]_CO[3])
                                                      0.457     6.546 r  v0_i_44/CO[3]
                         net (fo=1, routed)           0.000     6.546    v0_i_44_n_0
    SLICE_X40Y104        CARRY4 (Prop_carry4_CI_CO[3])
                                                      0.098     6.644 r  v0_i_35/CO[3]
                         net (fo=1, routed)           0.000     6.644    v0_i_35_n_0
    SLICE_X40Y105        CARRY4 (Prop_carry4_CI_CO[3])
                                                      0.098     6.742 r  v0_i_26/CO[3]
                         net (fo=1, routed)           0.000     6.742    v0_i_26_n_0
    SLICE_X40Y106        CARRY4 (Prop_carry4_CI_CO[3])
                                                      0.098     6.840 f  v0_i_17/CO[3]
                         net (fo=1, routed)           0.614     7.454    v0_i_17_n_0
    SLICE_X37Y106        LUT2 (Prop_lut2_I0_O)        0.105     7.559 r  v0_i_1/O
                         net (fo=30, routed)          0.698     8.256    v0_i_1_n_0
    DSP48_X2Y42          DSP48E1 (Prop_dsp48e1_A[16]_PCOUT[47])
                                                      3.397    11.653 r  v0/PCOUT[47]
                         net (fo=1, routed)           0.002    11.655    v0_n_106
    DSP48_X2Y43          DSP48E1 (Prop_dsp48e1_PCIN[47]_P[10])
                                                      1.271    12.926 r  v/P[10]
                         net (fo=3, routed)           0.800    13.727    v__1[10]
    SLICE_X33Y106        LUT4 (Prop_lut4_I0_O)        0.105    13.832 r  dout_data[2]_i_5/O
                         net (fo=1, routed)           0.468    14.300    dout_data[2]_i_5_n_0
    SLICE_X35Y106        LUT5 (Prop_lut5_I1_O)        0.105    14.405 r  dout_data[2]_i_3/O
                         net (fo=1, routed)           0.000    14.405    dout_data[2]_i_3_n_0
    SLICE_X35Y106        CARRY4 (Prop_carry4_S[1]_CO[3])
                                                      0.457    14.862 r  dout_data_reg[2]_i_2/CO[3]
                         net (fo=1, routed)           0.000    14.862    dout_data_reg[2]_i_2_n_0
    SLICE_X35Y107        CARRY4 (Prop_carry4_CI_CO[3])
                                                      0.098    14.960 r  dout_data_reg[6]_i_2/CO[3]
                         net (fo=1, routed)           0.000    14.960    dout_data_reg[6]_i_2_n_0
    SLICE_X35Y108        CARRY4 (Prop_carry4_CI_CO[3])
                                                      0.098    15.058 r  dout_data_reg[10]_i_2/CO[3]
                         net (fo=1, routed)           0.000    15.058    dout_data_reg[10]_i_2_n_0
    SLICE_X35Y109        CARRY4 (Prop_carry4_CI_CO[3])
                                                      0.098    15.156 r  dout_data_reg[14]_i_2/CO[3]
                         net (fo=1, routed)           0.000    15.156    dout_data_reg[14]_i_2_n_0
    SLICE_X35Y110        CARRY4 (Prop_carry4_CI_O[1])
                                                      0.265    15.421 f  dout_data_reg[15]_i_2/O[1]
                         net (fo=4, routed)           0.558    15.979    dout_data_reg[15]_i_2_n_6
    SLICE_X34Y108        LUT2 (Prop_lut2_I0_O)        0.250    16.229 r  dout_data[15]_i_11/O
                         net (fo=1, routed)           0.000    16.229    dout_data[15]_i_11_n_0
    SLICE_X34Y108        CARRY4 (Prop_carry4_S[3]_CO[3])
                                                      0.314    16.543 r  dout_data_reg[15]_i_4/CO[3]
                         net (fo=16, routed)          0.915    17.458    quant_duc12_in
    SLICE_X35Y112        LUT3 (Prop_lut3_I0_O)        0.105    17.563 r  dout_data[3]_i_1/O
                         net (fo=1, routed)           0.000    17.563    p_4_out[3]
    SLICE_X35Y112        FDCE                                         r  dout_data_reg[3]/D
  -------------------------------------------------------------------    -------------------

                         (clock clk rise edge)       16.276    16.276 r
                                                      0.000    16.276 r  clk (IN)
                         net (fo=1455, unset)         0.748    17.024    clk
    SLICE_X35Y112        FDCE                                         r  dout_data_reg[3]/C
                         clock pessimism              0.000    17.024
                         clock uncertainty           -0.035    16.988
    SLICE_X35Y112        FDCE (Setup_fdce_C_D)        0.032    17.020    dout_data_reg[3]
  -------------------------------------------------------------------
                         required time                         17.020
                         arrival time                         -17.563
  -------------------------------------------------------------------
                         slack                                 -0.542

Slack (VIOLATED) :        -0.526ns  (required time - arrival time)
  Source:                 phase_acc_reg_rep[2]_rep__9/C
                            (rising edge-triggered cell FDCE clocked by clk  {rise@0.000ns fall@8.138ns period=16.276ns})
  Destination:            dout_data_reg[4]/D
                            (rising edge-triggered cell FDCE clocked by clk  {rise@0.000ns fall@8.138ns period=16.276ns})
  Path Group:             clk
  Path Type:              Setup (Max at Slow Process Corner)
  Requirement:            16.276ns  (clk rise@16.276ns - clk rise@0.000ns)
  Data Path Delay:        16.797ns  (logic 9.430ns (56.142%)  route 7.367ns (43.858%))
  Logic Levels:           25  (CARRY4=10 DSP48E1=2 LUT2=2 LUT3=2 LUT4=1 LUT5=2 LUT6=2 MUXF7=3 MUXF8=1)
  Clock Path Skew:        -0.039ns (DCD - SCD + CPR)
    Destination Clock Delay (DCD):    0.748ns = ( 17.024 - 16.276 )
    Source Clock Delay      (SCD):    0.787ns
    Clock Pessimism Removal (CPR):    0.000ns
  Clock Uncertainty:      0.035ns  ((TSJ^2 + TIJ^2)^1/2 + DJ) / 2 + PE
    Total System Jitter     (TSJ):    0.071ns
    Total Input Jitter      (TIJ):    0.000ns
    Discrete Jitter          (DJ):    0.000ns
    Phase Error              (PE):    0.000ns

    Location             Delay type                Incr(ns)  Path(ns)    Netlist Resource(s)
  -------------------------------------------------------------------    -------------------
                         (clock clk rise edge)        0.000     0.000 r
                                                      0.000     0.000 r  clk (IN)
                         net (fo=1455, unset)         0.787     0.787    clk
    SLICE_X54Y86         FDCE                                         r  phase_acc_reg_rep[2]_rep__9/C
  -------------------------------------------------------------------    -------------------
    SLICE_X54Y86         FDCE (Prop_fdce_C_Q)         0.433     1.220 r  phase_acc_reg_rep[2]_rep__9/Q
                         net (fo=121, routed)         1.109     2.329    phase_acc_reg_rep[2]_rep__9_n_0
    SLICE_X51Y87         LUT5 (Prop_lut5_I2_O)        0.105     2.434 f  g51_b1__0/O
                         net (fo=1, routed)           0.000     2.434    g51_b1__0_n_0
    SLICE_X51Y87         MUXF7 (Prop_muxf7_I0_O)      0.199     2.633 f  v0_i_2439/O
                         net (fo=1, routed)           0.663     3.296    v0_i_2439_n_0
    SLICE_X51Y88         LUT6 (Prop_lut6_I1_O)        0.250     3.546 f  v0_i_1410/O
                         net (fo=1, routed)           0.000     3.546    v0_i_1410_n_0
    SLICE_X51Y88         MUXF7 (Prop_muxf7_I1_O)      0.206     3.752 f  v0_i_702/O
                         net (fo=1, routed)           0.000     3.752    v0_i_702_n_0
    SLICE_X51Y88         MUXF8 (Prop_muxf8_I0_O)      0.085     3.837 f  v0_i_309/O
                         net (fo=1, routed)           1.084     4.921    v0_i_309_n_0
    SLICE_X42Y102        LUT6 (Prop_lut6_I1_O)        0.264     5.185 f  v0_i_123/O
                         net (fo=1, routed)           0.000     5.185    v0_i_123_n_0
    SLICE_X42Y102        MUXF7 (Prop_muxf7_I1_O)      0.206     5.391 f  v0_i_47/O
                         net (fo=2, routed)           0.456     5.847    p_0_out[1]
    SLICE_X40Y103        LUT3 (Prop_lut3_I0_O)        0.242     6.089 r  v0_i_116/O
                         net (fo=1, routed)           0.000     6.089    v0_i_116_n_0
    SLICE_X40Y103        CARRY4 (Prop_carry4_S[1]_CO[3])
                                                      0.457     6.546 r  v0_i_44/CO[3]
                         net (fo=1, routed)           0.000     6.546    v0_i_44_n_0
    SLICE_X40Y104        CARRY4 (Prop_carry4_CI_CO[3])
                                                      0.098     6.644 r  v0_i_35/CO[3]
                         net (fo=1, routed)           0.000     6.644    v0_i_35_n_0
    SLICE_X40Y105        CARRY4 (Prop_carry4_CI_CO[3])
                                                      0.098     6.742 r  v0_i_26/CO[3]
                         net (fo=1, routed)           0.000     6.742    v0_i_26_n_0
    SLICE_X40Y106        CARRY4 (Prop_carry4_CI_CO[3])
                                                      0.098     6.840 f  v0_i_17/CO[3]
                         net (fo=1, routed)           0.614     7.454    v0_i_17_n_0
    SLICE_X37Y106        LUT2 (Prop_lut2_I0_O)        0.105     7.559 r  v0_i_1/O
                         net (fo=30, routed)          0.698     8.256    v0_i_1_n_0
    DSP48_X2Y42          DSP48E1 (Prop_dsp48e1_A[16]_PCOUT[47])
                                                      3.397    11.653 r  v0/PCOUT[47]
                         net (fo=1, routed)           0.002    11.655    v0_n_106
    DSP48_X2Y43          DSP48E1 (Prop_dsp48e1_PCIN[47]_P[10])
                                                      1.271    12.926 r  v/P[10]
                         net (fo=3, routed)           0.800    13.727    v__1[10]
    SLICE_X33Y106        LUT4 (Prop_lut4_I0_O)        0.105    13.832 r  dout_data[2]_i_5/O
                         net (fo=1, routed)           0.468    14.300    dout_data[2]_i_5_n_0
    SLICE_X35Y106        LUT5 (Prop_lut5_I1_O)        0.105    14.405 r  dout_data[2]_i_3/O
                         net (fo=1, routed)           0.000    14.405    dout_data[2]_i_3_n_0
    SLICE_X35Y106        CARRY4 (Prop_carry4_S[1]_CO[3])
                                                      0.457    14.862 r  dout_data_reg[2]_i_2/CO[3]
                         net (fo=1, routed)           0.000    14.862    dout_data_reg[2]_i_2_n_0
    SLICE_X35Y107        CARRY4 (Prop_carry4_CI_CO[3])
                                                      0.098    14.960 r  dout_data_reg[6]_i_2/CO[3]
                         net (fo=1, routed)           0.000    14.960    dout_data_reg[6]_i_2_n_0
    SLICE_X35Y108        CARRY4 (Prop_carry4_CI_CO[3])
                                                      0.098    15.058 r  dout_data_reg[10]_i_2/CO[3]
                         net (fo=1, routed)           0.000    15.058    dout_data_reg[10]_i_2_n_0
    SLICE_X35Y109        CARRY4 (Prop_carry4_CI_CO[3])
                                                      0.098    15.156 r  dout_data_reg[14]_i_2/CO[3]
                         net (fo=1, routed)           0.000    15.156    dout_data_reg[14]_i_2_n_0
    SLICE_X35Y110        CARRY4 (Prop_carry4_CI_O[1])
                                                      0.265    15.421 f  dout_data_reg[15]_i_2/O[1]
                         net (fo=4, routed)           0.558    15.979    dout_data_reg[15]_i_2_n_6
    SLICE_X34Y108        LUT2 (Prop_lut2_I0_O)        0.250    16.229 r  dout_data[15]_i_11/O
                         net (fo=1, routed)           0.000    16.229    dout_data[15]_i_11_n_0
    SLICE_X34Y108        CARRY4 (Prop_carry4_S[3]_CO[3])
                                                      0.314    16.543 r  dout_data_reg[15]_i_4/CO[3]
                         net (fo=16, routed)          0.915    17.458    quant_duc12_in
    SLICE_X35Y112        LUT3 (Prop_lut3_I0_O)        0.126    17.584 r  dout_data[4]_i_1/O
                         net (fo=1, routed)           0.000    17.584    p_4_out[4]
    SLICE_X35Y112        FDCE                                         r  dout_data_reg[4]/D
  -------------------------------------------------------------------    -------------------

                         (clock clk rise edge)       16.276    16.276 r
                                                      0.000    16.276 r  clk (IN)
                         net (fo=1455, unset)         0.748    17.024    clk
    SLICE_X35Y112        FDCE                                         r  dout_data_reg[4]/C
                         clock pessimism              0.000    17.024
                         clock uncertainty           -0.035    16.988
    SLICE_X35Y112        FDCE (Setup_fdce_C_D)        0.069    17.057    dout_data_reg[4]
  -------------------------------------------------------------------
                         required time                         17.057
                         arrival time                         -17.584
  -------------------------------------------------------------------
                         slack                                 -0.526





Pulse Width Checks
--------------------------------------------------------------------------------------
Clock Name:         clk
Waveform(ns):       { 0.000 8.138 }
Period(ns):         16.276
Sources:            { clk }

Check Type        Corner  Lib Pin      Reference Pin  Required(ns)  Actual(ns)  Slack(ns)  Location      Pin
Min Period        n/a     DSP48E1/CLK  n/a            2.147         16.276      14.129     DSP48_X2Y26   u_fir_i/U0/i_synth/g_polyphase_interpolation.i_polyphase_interpolation/g_parallel.g_paths[0].g_rounder.i_rounder/i_rounder/g_dsp48.g_dsp48e1.i_dsp48e1/CLK
Min Period        n/a     DSP48E1/CLK  n/a            2.147         16.276      14.129     DSP48_X2Y24   u_fir_i/U0/i_synth/g_polyphase_interpolation.i_polyphase_interpolation/g_parallel.g_paths[0].g_symmetric.g_madds[0].i_madd/i_addsub_mult_add/g_dsp48.g_dsp48e1.i_dsp48e1/CLK
Min Period        n/a     DSP48E1/CLK  n/a            2.147         16.276      14.129     DSP48_X2Y33   u_fir_q/U0/i_synth/g_polyphase_interpolation.i_polyphase_interpolation/g_parallel.g_paths[0].g_rounder.i_rounder/i_rounder/g_dsp48.g_dsp48e1.i_dsp48e1/CLK
Min Period        n/a     DSP48E1/CLK  n/a            2.147         16.276      14.129     DSP48_X2Y31   u_fir_q/U0/i_synth/g_polyphase_interpolation.i_polyphase_interpolation/g_parallel.g_paths[0].g_symmetric.g_madds[0].i_madd/i_addsub_mult_add/g_dsp48.g_dsp48e1.i_dsp48e1/CLK
Min Period        n/a     DSP48E1/CLK  n/a            1.816         16.276      14.460     DSP48_X2Y25   u_fir_i/U0/i_synth/g_polyphase_interpolation.i_polyphase_interpolation/g_parallel.g_paths[0].g_symmetric.g_accum.i_accum/i_add_accum/g_dsp48.g_dsp48e1.i_dsp48e1/CLK
Min Period        n/a     DSP48E1/CLK  n/a            1.816         16.276      14.460     DSP48_X2Y23   u_fir_i/U0/i_synth/g_polyphase_interpolation.i_polyphase_interpolation/g_parallel.g_paths[0].g_symmetric.g_madds[1].i_madd/i_addsub_mult_add/g_dsp48.g_dsp48e1.i_dsp48e1/CLK
Min Period        n/a     DSP48E1/CLK  n/a            1.816         16.276      14.460     DSP48_X2Y22   u_fir_i/U0/i_synth/g_polyphase_interpolation.i_polyphase_interpolation/g_parallel.g_paths[0].g_symmetric.g_madds[2].i_madd/i_addsub_mult_add/g_dsp48.g_dsp48e1.i_dsp48e1/CLK
Min Period        n/a     DSP48E1/CLK  n/a            1.816         16.276      14.460     DSP48_X2Y21   u_fir_i/U0/i_synth/g_polyphase_interpolation.i_polyphase_interpolation/g_parallel.g_paths[0].g_symmetric.g_madds[3].i_madd/i_addsub_mult_add/g_dsp48.g_dsp48e1.i_dsp48e1/CLK
Min Period        n/a     DSP48E1/CLK  n/a            1.816         16.276      14.460     DSP48_X2Y20   u_fir_i/U0/i_synth/g_polyphase_interpolation.i_polyphase_interpolation/g_parallel.g_paths[0].g_symmetric.g_madds[4].i_madd/i_addsub_mult_add/g_dsp48.g_dsp48e1.i_dsp48e1/CLK
Min Period        n/a     DSP48E1/CLK  n/a            1.816         16.276      14.460     DSP48_X2Y32   u_fir_q/U0/i_synth/g_polyphase_interpolation.i_polyphase_interpolation/g_parallel.g_paths[0].g_symmetric.g_accum.i_accum/i_add_accum/g_dsp48.g_dsp48e1.i_dsp48e1/CLK
Low Pulse Width   Slow    RAMD32/CLK   n/a            1.130         8.138       7.008      SLICE_X36Y76  u_fir_i/U0/i_synth/g_polyphase_interpolation.i_polyphase_interpolation/g_opbuff.i_buffer/gen_dram.ram_reg_0_7_0_0/DP/CLK
Low Pulse Width   Fast    RAMD32/CLK   n/a            1.130         8.138       7.008      SLICE_X36Y76  u_fir_i/U0/i_synth/g_polyphase_interpolation.i_polyphase_interpolation/g_opbuff.i_buffer/gen_dram.ram_reg_0_7_0_0/DP/CLK
Low Pulse Width   Slow    RAMD32/CLK   n/a            1.130         8.138       7.008      SLICE_X36Y76  u_fir_i/U0/i_synth/g_polyphase_interpolation.i_polyphase_interpolation/g_opbuff.i_buffer/gen_dram.ram_reg_0_7_0_0/SP/CLK
Low Pulse Width   Fast    RAMD32/CLK   n/a            1.130         8.138       7.008      SLICE_X36Y76  u_fir_i/U0/i_synth/g_polyphase_interpolation.i_polyphase_interpolation/g_opbuff.i_buffer/gen_dram.ram_reg_0_7_0_0/SP/CLK
Low Pulse Width   Slow    RAMD32/CLK   n/a            1.130         8.138       7.008      SLICE_X36Y76  u_fir_i/U0/i_synth/g_polyphase_interpolation.i_polyphase_interpolation/g_opbuff.i_buffer/gen_dram.ram_reg_0_7_10_10/DP/CLK
Low Pulse Width   Fast    RAMD32/CLK   n/a            1.130         8.138       7.008      SLICE_X36Y76  u_fir_i/U0/i_synth/g_polyphase_interpolation.i_polyphase_interpolation/g_opbuff.i_buffer/gen_dram.ram_reg_0_7_10_10/DP/CLK
Low Pulse Width   Slow    RAMD32/CLK   n/a            1.130         8.138       7.008      SLICE_X36Y76  u_fir_i/U0/i_synth/g_polyphase_interpolation.i_polyphase_interpolation/g_opbuff.i_buffer/gen_dram.ram_reg_0_7_10_10/SP/CLK
Low Pulse Width   Fast    RAMD32/CLK   n/a            1.130         8.138       7.008      SLICE_X36Y76  u_fir_i/U0/i_synth/g_polyphase_interpolation.i_polyphase_interpolation/g_opbuff.i_buffer/gen_dram.ram_reg_0_7_10_10/SP/CLK
Low Pulse Width   Slow    RAMD32/CLK   n/a            1.130         8.138       7.008      SLICE_X36Y76  u_fir_i/U0/i_synth/g_polyphase_interpolation.i_polyphase_interpolation/g_opbuff.i_buffer/gen_dram.ram_reg_0_7_11_11/DP/CLK
Low Pulse Width   Fast    RAMD32/CLK   n/a            1.130         8.138       7.008      SLICE_X36Y76  u_fir_i/U0/i_synth/g_polyphase_interpolation.i_polyphase_interpolation/g_opbuff.i_buffer/gen_dram.ram_reg_0_7_11_11/DP/CLK
High Pulse Width  Slow    RAMD32/CLK   n/a            1.130         8.138       7.008      SLICE_X36Y76  u_fir_i/U0/i_synth/g_polyphase_interpolation.i_polyphase_interpolation/g_opbuff.i_buffer/gen_dram.ram_reg_0_7_0_0/DP/CLK
High Pulse Width  Fast    RAMD32/CLK   n/a            1.130         8.138       7.008      SLICE_X36Y76  u_fir_i/U0/i_synth/g_polyphase_interpolation.i_polyphase_interpolation/g_opbuff.i_buffer/gen_dram.ram_reg_0_7_0_0/DP/CLK
High Pulse Width  Slow    RAMD32/CLK   n/a            1.130         8.138       7.008      SLICE_X36Y76  u_fir_i/U0/i_synth/g_polyphase_interpolation.i_polyphase_interpolation/g_opbuff.i_buffer/gen_dram.ram_reg_0_7_0_0/SP/CLK
High Pulse Width  Fast    RAMD32/CLK   n/a            1.130         8.138       7.008      SLICE_X36Y76  u_fir_i/U0/i_synth/g_polyphase_interpolation.i_polyphase_interpolation/g_opbuff.i_buffer/gen_dram.ram_reg_0_7_0_0/SP/CLK
High Pulse Width  Slow    RAMD32/CLK   n/a            1.130         8.138       7.008      SLICE_X36Y76  u_fir_i/U0/i_synth/g_polyphase_interpolation.i_polyphase_interpolation/g_opbuff.i_buffer/gen_dram.ram_reg_0_7_10_10/DP/CLK
High Pulse Width  Fast    RAMD32/CLK   n/a            1.130         8.138       7.008      SLICE_X36Y76  u_fir_i/U0/i_synth/g_polyphase_interpolation.i_polyphase_interpolation/g_opbuff.i_buffer/gen_dram.ram_reg_0_7_10_10/DP/CLK
High Pulse Width  Slow    RAMD32/CLK   n/a            1.130         8.138       7.008      SLICE_X36Y76  u_fir_i/U0/i_synth/g_polyphase_interpolation.i_polyphase_interpolation/g_opbuff.i_buffer/gen_dram.ram_reg_0_7_10_10/SP/CLK
High Pulse Width  Fast    RAMD32/CLK   n/a            1.130         8.138       7.008      SLICE_X36Y76  u_fir_i/U0/i_synth/g_polyphase_interpolation.i_polyphase_interpolation/g_opbuff.i_buffer/gen_dram.ram_reg_0_7_10_10/SP/CLK
High Pulse Width  Slow    RAMD32/CLK   n/a            1.130         8.138       7.008      SLICE_X36Y76  u_fir_i/U0/i_synth/g_polyphase_interpolation.i_polyphase_interpolation/g_opbuff.i_buffer/gen_dram.ram_reg_0_7_11_11/DP/CLK
High Pulse Width  Fast    RAMD32/CLK   n/a            1.130         8.138       7.008      SLICE_X36Y76  u_fir_i/U0/i_synth/g_polyphase_interpolation.i_polyphase_interpolation/g_opbuff.i_buffer/gen_dram.ram_reg_0_7_11_11/DP/CLK
